1 1 RETURN
8 1 INT 0
9 1 SEMICOLON
1 2 RETURN
8 2 INT 0
9 2 PLUS
10 2 INT 0
11 2 SEMICOLON
1 3 RETURN
8 3 INT 0
9 3 PLUS
10 3 INT 0
11 3 PLUS
12 3 INT 0
13 3 PLUS
14 3 INT 0
15 3 PLUS
16 3 INT 0
17 3 SEMICOLON
