1 1 INT 0
3 1 ASSIGN
6 1 INT 0
1 2 INT 0
3 2 ASSIGN
6 2 (
7 2 INT 0
8 2 PLUS
9 2 INT 0
10 2 )
