1 2 STRING 1 3
4 2 STRING 6 3%388	
12 2 STRING 3 %3%
17 2 STRING 11 8%	4888807	
30 2 STRING 3 232
35 2 STRING 3 23	
40 2 STRING 32 602237	32%1%10	1680%88	382%847	6
74 2 STRING 10 6082%36460
86 2 STRING 6  10680
94 2 STRING 3 6	2
99 2 STRING 9 04711	282
110 2 STRING 44 862	2%%3238	74%1660	%%73677	2378447	8%%038%	
156 2 STRING 8 6%74047%
166 2 STRING 0 
168 2 STRING 3 672
1 3 STRING 1 6
4 3 STRING 11 1%841	12013
17 3 STRING 0 
19 3 STRING 1 	
22 3 STRING 7 800%37	
31 3 STRING 10 760121	146
43 3 STRING 20 487	1728781	7034077	
65 3 STRING 9 %37836	36
76 3 STRING 5 1%66%
83 3 STRING 0 
85 3 STRING 1 0
88 3 STRING 2 %7
1 4 STRING 9 27%2823	%
12 4 STRING 31 04122	%%43%18	7744084	%%20173	4
45 4 STRING 11 14176	%2076
58 4 STRING 5 0	2%4
65 4 STRING 3 1%	
70 4 STRING 11 373%3767801
83 4 STRING 11 4 8871163	8
96 4 STRING 22 604%1	2718878	6083811	
120 4 STRING 13 031148	184672
135 4 STRING 1 	
138 4 STRING 9 %064%2	31
149 4 STRING 1 8
152 4 STRING 6 71	301
160 4 STRING 9 %03882464
171 4 STRING 0 
1 5 STRING 3 436
6 5 STRING 16 %7%	8373847	6261
24 5 STRING 14 78	2177314	814
40 5 STRING 6 87%	42
48 5 STRING 3 372
53 5 STRING 17 	2761083	4027483	
72 5 STRING 7 6822842
81 5 STRING 4 6303
1 6 STRING 19 %84%462	1481%87	304
22 6 STRING 8 4%7	6833
32 6 STRING 8 %	463780
42 6 STRING 4 	483
48 6 STRING 12 7%7	2024227	
62 6 STRING 9 42083	342
73 6 STRING 16 %234%%3246 46878
91 6 STRING 19 2	402%224	4113304	6
112 6 STRING 11 32260	%61%4
125 6 STRING 4 2	%8
131 6 STRING 6 1%0%	8
139 6 STRING 22 72217	40%%767	72164006
163 6 STRING 0 
165 6 STRING 4 0076
1 7 STRING 17 7836667	4100003	3
20 7 STRING 9 13801	210
31 7 STRING 23 883	46%6486	4003047	476
56 7 STRING 0 
58 7 STRING 3 30	
63 7 STRING 0 
65 7 STRING 0 
67 7 STRING 10 %422	610%8
79 7 STRING 8 742771%8
1 8 STRING 1 6
4 8 STRING 6 46434	
12 8 STRING 2 48
16 8 STRING 39 084	214612%	2742%%2	660088%	216%188	%27
57 8 STRING 6 641	12
65 8 STRING 17 6383	34111%488848
84 8 STRING 14 4 283043%	3%08
100 8 STRING 15 73	%63420%	7034
117 8 STRING 9 %0	264438
128 8 STRING 17 	8381%26	%41%320	
147 8 STRING 17 600%03	63126016%2
166 8 STRING 3 464
1 9 STRING 18 338020%	3837681	36
21 9 STRING 7 8%26	22
30 9 STRING 10 2200	72662
42 9 STRING 25 6	%786%32	226%360	%80884	
69 9 STRING 4 2364
75 9 STRING 1 4
78 9 STRING 6 278001
1 10 STRING 10 4814064	23
13 10 STRING 0 
15 10 STRING 0 
17 10 STRING 3 27	
22 10 STRING 42 70128	6370786	4440%17	84%0034	3746200	%1%3
66 10 STRING 14 88	22844624%11
82 10 STRING 12 18 6243334	4
96 10 STRING 2 %0
100 10 STRING 19 	6814%%4	77%2224	67
121 10 STRING 2 0%
125 10 STRING 3 3	%
130 10 STRING 11 36771	87766
143 10 STRING 6 7	2343
151 10 STRING 7 88	8000
160 10 STRING 7 034306%
169 10 STRING 1 7
1 11 STRING 3 3%3
6 11 STRING 7 083	672
15 11 STRING 0 
17 11 STRING 25 17	77%7178	4766%46	872418
44 11 STRING 2 	8
48 11 STRING 4 3286
54 11 STRING 5 	2066
61 11 STRING 25 32	67%2361	7%67337726%714
1 12 STRING 40 33%73%2	%031181	1218%30	130807%	8827008	
43 12 STRING 3 %4%
48 12 STRING 26 %8	%%63184	8027736	8787%34
76 12 STRING 5 13242
83 12 STRING 17  4864020	274%4%7	
102 12 STRING 36 %432%8	2063302	6068363	3840816	827%7
140 12 STRING 0 
142 12 STRING 7 	8360%8
151 12 STRING 2 	1
155 12 STRING 11 43086870131
168 12 STRING 4  %12
174 12 STRING 15 %80	687%03%	261
191 12 STRING 6 317	33
199 12 STRING 9 7870	6470
210 12 STRING 11 80	8468160	
223 12 STRING 1 %
226 12 STRING 5 3%%8	
233 12 STRING 4 1433
239 12 STRING 14 7	7367433336%4
255 12 STRING 1 6
1 13 STRING 0 
3 13 STRING 1 2
6 13 STRING 17 6146	407302%	16%6
25 13 STRING 3 2	4
30 13 STRING 13 %4366	4%8322	
45 13 STRING 14 337708	3%3%42	
61 13 STRING 16 3466%1	%486%%761
79 13 STRING 4 6763
1 14 STRING 8 74%6760	
11 14 STRING 16 42436%	8660412	6
29 14 STRING 12 24764	772270
43 14 STRING 12 	67424%4	626
57 14 STRING 7 760	771
66 14 STRING 2 %4
70 14 STRING 14 	3026002218%14
86 14 STRING 3  27
91 14 STRING 1 1
94 14 STRING 3 80	
99 14 STRING 10 470240	122
111 14 STRING 16 333	%180706	2016
129 14 STRING 21 21	6302430	606820	147
152 14 STRING 8 63	80%%2
162 14 STRING 6  42%%4
170 14 STRING 1 %
1 15 STRING 4 3313
7 15 STRING 8 60	22628
17 15 STRING 6 6	3527
25 15 STRING 0 
27 15 STRING 3 2	8
32 15 STRING 7 0434	52
41 15 STRING 7 4520	65
50 15 STRING 3 180
55 15 STRING 10 	5174173	8
67 15 STRING 8 46585	44
77 15 STRING 1 4
80 15 STRING 9 216605224
1 16 STRING 2 74
5 16 STRING 5 5653	
12 16 STRING 5 32070
19 16 STRING 6 	1^654
27 16 STRING 0 
29 16 STRING 27 	35^52^2	47^207^	21163	5373
58 16 STRING 35 77	^^37347	^1^20301242146 45351^6	5
95 16 STRING 46 ^7770	11113^5	2533640	421^^^5	2^70470	54557^4	
143 16 STRING 7 ^5022^	
152 16 STRING 13 ^1^354372243^
1 17 STRING 11 ^065751	402
14 17 STRING 5 070	1
21 17 STRING 8 71607	60
31 17 STRING 10 503	2^7206
43 17 STRING 17 	5225401	560131^	
62 17 STRING 3 06^
67 17 STRING 6 1	^^47
75 17 STRING 8 462^7233
1 18 STRING 8 503^4^5	
11 18 STRING 2 71
15 18 STRING 23 6^1	351403^	5412^06	655
40 18 STRING 8 161	7100
50 18 STRING 36 62	6725125	44^3^1^	341746^1472471 47
88 18 STRING 8 5061	7^0
98 18 STRING 15 722	243315	74^2
115 18 STRING 5 ^2	17
122 18 STRING 1 3
125 18 STRING 8 3	710552
135 18 STRING 9 	4112145	
146 18 STRING 17 562142	67^7115546
165 18 STRING 3 316
1 19 STRING 0 
3 19 STRING 7 342364	
12 19 STRING 15 2^1164	7516137	
29 19 STRING 16 3^3^6	3^^2056	10
47 19 STRING 5 760	^
54 19 STRING 3 671
59 19 STRING 8 ^	111613
69 19 STRING 11 	4^7156^75^
82 19 STRING 3 153
1 20 STRING 18 5404432	50^05^0	72
21 20 STRING 12 077	7^^12^5	
35 20 STRING 7 753162	
44 20 STRING 4 1003
50 20 STRING 4 0	34
56 20 STRING 26 316	10417^1	1153507726^723
1 21 STRING 17 7420^76	4001310	2
20 21 STRING 3 336
25 21 STRING 14 4	346240^	3106
41 21 STRING 13 25	1546325	74
56 21 STRING 6 5220	1
64 21 STRING 6 ^4^0^	
72 21 STRING 7 4^62705
81 21 STRING 5 67175
1 22 STRING 11 631^150	71^
14 22 STRING 10 646	3^2^70
26 22 STRING 6 	^5^14
34 22 STRING 12 4	5202750	50
48 22 STRING 0 
50 22 STRING 4 72^	
56 22 STRING 0 
58 22 STRING 16 576	3^14553	5363
76 22 STRING 3 702
81 22 STRING 1 3
84 22 STRING 0 
86 22 STRING 1 7
1 23 STRING 6 4004^4
9 23 STRING 7 	317^^6
18 23 STRING 2 	4
22 23 STRING 2 17
26 23 STRING 4 7^	2
32 23 STRING 12 06741	336103
46 23 STRING 6 	7660^
54 23 STRING 25 ^	73^^370	4562200	241643^
81 23 STRING 6 002472
1 24 STRING 10 6156155	34
13 24 STRING 6 2224	4
21 24 STRING 10 15146	6011
33 24 STRING 7 63	3206
42 24 STRING 12 30	13624^	37
56 24 STRING 11 7^^4	7^3463
69 24 STRING 14 	12720^65^1050
1 25 STRING 8 713407	6
11 25 STRING 16 62132	^074730	72
29 25 STRING 17 5233	6330346	^747
48 25 STRING 0 
50 25 STRING 4 0	70
56 25 STRING 7 307	651
65 25 STRING 2 ^1
69 25 STRING 15 	^^^2442^036663
1 26 STRING 12 7^0^155	^70^
15 26 STRING 34 26	2714470	746^425	212756	3022767	
51 26 STRING 11 0^5013	3325
64 26 STRING 6 ^3	744
72 26 STRING 5 33452
79 26 STRING 4 7160
1 27 STRING 2 44
5 27 STRING 2 ^7
9 27 STRING 16 5	74217^7	737641
27 27 STRING 1 	
30 27 STRING 9 5^624^	22
41 27 STRING 32 1102	3376561	437^470	5262516	472
75 27 STRING 10 4676255160
1 28 STRING 5 35406
8 28 STRING 5 	^0^4
15 28 STRING 0 
17 28 STRING 0 
19 28 STRING 6 	43^53
27 28 STRING 4 0	16
33 28 STRING 23 211^	360440	6657^76	163
58 28 STRING 26 130	2250464	613563 36^^3^0
1 29 STRING 3 ^25
6 29 STRING 13 545	212345^	^
21 29 STRING 4 ^066
27 29 STRING 7 	6^0050
36 29 STRING 13 	6071672	2565
51 29 STRING 12 24	^223270	1
65 29 STRING 3 274
70 29 STRING 16 2	5106^^03175661
1 30 STRING 2 ^1
5 30 STRING 1 4
8 30 STRING 11 67	507602	5
21 30 STRING 24 7^22	7753^14	5416663	224
47 30 STRING 14 251	5565471	26
63 30 STRING 3 ^53
68 30 STRING 11 	2214523113
81 30 STRING 2 07
1 31 STRING 21 471^723	4216364	2^^17
24 31 STRING 17 	5405527	3456144	
43 31 STRING 0 
45 31 STRING 2 03
49 31 STRING 8 71	363^3
59 31 STRING 6 0	5576
67 31 STRING 3 6^	
72 31 STRING 13 ^204116275403
1 32 STRING 1 7
4 32 STRING 2 57
8 32 STRING 1 4
11 32 STRING 41 	3^^4620	3306455	6123^67	2041030	214^01^	
54 32 STRING 3 5^7
59 32 STRING 16 35	5375644	^1321
77 32 STRING 8 46745424
1 33 STRING 3 533
6 33 STRING 12 423	1631352	
20 33 STRING 7 0^00^6	
29 33 STRING 12 1003^^	^5714
43 33 STRING 11 	6^12^32	74
56 33 STRING 27 2641	2773171	1^^457 ^0^4^1^
1 34 STRING 19 ^313601	^0^^356	551
22 34 STRING 12 645	4024070	
36 34 STRING 7 400360	
45 34 STRING 10 314774	473
57 34 STRING 18 46	1302072	^1643^4
77 34 STRING 5 05^07
84 34 STRING 0 
1 35 STRING 2 ^1
5 35 STRING 1 7
8 35 STRING 0 
10 35 STRING 72 7	7167646	^031516	6420062	4112^^7	5446402	61^7^14	4454266	55432^153^7200
1 36 STRING 2 3^
5 36 STRING 19 5304	52^4617	467643
26 36 STRING 20 	^05247^	774^507	51^
48 36 STRING 14 407	611065^	41
64 36 STRING 11 4375	64^056
77 36 STRING 7 3067214
1 37 STRING 2 72
5 37 STRING 40 0362	806`646	74`3747	3`33773	2002057	255
47 37 STRING 33 `8`	4636080	40`607`	434`082847740
1 38 STRING 19 `080584	464682	`677
22 38 STRING 5 57	50
29 38 STRING 6 8402	6
37 38 STRING 8 37866	68
47 38 STRING 25 0502	753``	336526	8505643
74 38 STRING 6 043`0`
1 39 STRING 18 58``657	8857200	34
21 39 STRING 1 6
24 39 STRING 0 
26 39 STRING 13 7	24`6574	675
41 39 STRING 32 204	2682	5260447	2656570	3`04725
75 39 STRING 2 63
79 39 STRING 2 86
83 39 STRING 0 
1 40 STRING 13 3834886	68633
16 40 STRING 6 7	3678
24 40 STRING 0 
26 40 STRING 0 
28 40 STRING 11 	7`27330	46
41 40 STRING 39 5754	4`52504	82088`4	274`7`3	33`585 378
82 40 STRING 1 4
85 40 STRING 1 8
1 41 STRING 12 ``36050	2587
15 41 STRING 17 77	236566`	674372
34 41 STRING 5 	685`
41 41 STRING 1 5
44 41 STRING 4 	304
50 41 STRING 19 523	4`45647	```526	
71 41 STRING 4 5`57
77 41 STRING 4  5`4
83 41 STRING 3 076
1 42 STRING 0 
3 42 STRING 51 853226	`04056`	48`57``	2456567	2750408	7536406	6640
56 42 STRING 4 2`	8
62 42 STRING 1 8
65 42 STRING 17 82	5236`424578053
1 43 STRING 10 4765`05	46
13 43 STRING 7 7723	88
22 43 STRING 16 8```	350`422	602
40 43 STRING 13 483	`40`384	`
55 43 STRING 6 26207	
63 43 STRING 1 0
66 43 STRING 1 0
69 43 STRING 12 00	482404776
83 43 STRING 4 3448
1 44 STRING 12 847`543	6432
15 44 STRING 9 08	8030`5
26 44 STRING 6 	25645
34 44 STRING 3 3	6
39 44 STRING 18 77763	3565355	7600
59 44 STRING 1 7
62 44 STRING 1 	
65 44 STRING 7 474830	
74 44 STRING 13 `774233336668
1 45 STRING 57 67`7746	6736263	44078`	5`4``76	5356827	`0`7647	4256303	57
60 45 STRING 8 `848	668
70 45 STRING 7 558`634
79 45 STRING 2 24
1 46 STRING 10 5``2740	40
13 46 STRING 8 680	5`08
23 46 STRING 7 37	4284
32 46 STRING 1 2
35 46 STRING 13 	`265378	8256
50 46 STRING 5 7`	76
57 46 STRING 2 5`
61 46 STRING 4 2	27
67 46 STRING 2 28
71 46 STRING 2 5	
75 46 STRING 13 430043``00883
1 47 STRING 17 `606453	8`50`58	2
20 47 STRING 12 3326`	684048
34 47 STRING 5 	`536
41 47 STRING 0 
43 47 STRING 14 2	8433756	`728
59 47 STRING 0 
61 47 STRING 4 3	22
67 47 STRING 11 `8`8	`47386
80 47 STRING 5 48388
87 47 STRING 1 2
1 48 STRING 4 74`2
7 48 STRING 0 
9 48 STRING 0 
11 48 STRING 5 	`4`8
18 48 STRING 4 `0	8
24 48 STRING 21 76476	732043	8578362	
47 48 STRING 0 
49 48 STRING 0 
51 48 STRING 20 `038	5772254	352`85	
73 48 STRING 13 304473532227`
1 49 STRING 2 6`
5 49 STRING 9 58`8	4`82
16 49 STRING 1 2
19 49 STRING 1 	
22 49 STRING 5 33468
29 49 STRING 9 	7`62824	
40 49 STRING 15 076225	870``83	
57 49 STRING 0 
59 49 STRING 6 00488	
67 49 STRING 2 26
71 49 STRING 4 85	7
77 49 STRING 9 70``43`52
88 49 STRING 2 20
1 50 STRING 2 8`
5 50 STRING 34 8448	6440655	6270360	8802`00	68736
41 50 STRING 28 	2`3838	`0827`2	3328477	5220
71 50 STRING 4 228`
77 50 STRING 2 34
81 50 STRING 1 8
1 51 STRING 53 `6`5`50	2322020	4668562	4``004`	`7``556	`454443	23574
56 51 STRING 11 `	`5`6474	5
69 51 STRING 12 6084 3500604
1 52 STRING 3 678
6 52 STRING 3 88	
11 52 STRING 10 2`6854	`3`
23 52 STRING 8 673	2604
33 52 STRING 2 0	
37 52 STRING 20 602453	6226483	83425
59 52 STRING 17 8	`266050	4778658
78 52 STRING 6 8526`4
1 53 STRING 2 53
5 53 STRING 11 `655	207038
18 53 STRING 11 	3`6752`	55
31 53 STRING 26 5587	26264`3	8435807	42288
59 53 STRING 2 2	
63 53 STRING 15 245685	47648266
80 53 STRING 5 6`863
1 54 STRING 0 
3 54 STRING 1 6
6 54 STRING 1 `
9 54 STRING 17 05	`76433`	30656`
28 54 STRING 19 	7885443	``48746	88
49 54 STRING 3 525
54 54 STRING 11 	2847``2	32
67 54 STRING 2 32
71 54 STRING 1 	
74 54 STRING 1 4
77 54 STRING 9 0205`6378
88 54 STRING 0 
90 54 STRING 0 
1 55 STRING 2 `2
5 55 STRING 7 38`8	80
14 55 STRING 1 4
17 55 STRING 1 4
20 55 STRING 10 	3850887	7
32 55 STRING 25 00340	807`60`	6200774	4`7
59 55 STRING 25 872	588887	807`43 5`36`5`
1 56 STRING 11 `620645	476
14 56 STRING 0 
16 56 STRING 8 85	67623
26 56 STRING 0 
28 56 STRING 6 	43042
36 56 STRING 28 8	`807`56	5`32420	8722`58	68
66 56 STRING 13 07``	267`4823
81 56 STRING 1 7
84 56 STRING 3 447
1 57 STRING 0 
3 57 STRING 3 568
8 57 STRING 38 22	2308273	2586458	`577280	4622082	378
48 57 STRING 2 35
52 57 STRING 23 	7034852	2`0556`	245637
77 57 STRING 7 2`7252`
1 58 STRING 25 67|4340	5782246	3833487	`
28 58 STRING 11 43445	6540`
41 58 STRING 2 0	
45 58 STRING 0 
47 58 STRING 24 3`50`	353535`	6884507	32
73 58 STRING 5 26`84
80 58 STRING 2 85
84 58 STRING 0 
86 58 STRING 1 4
1 59 STRING 5 11287
8 59 STRING 11 3	7831787	8
21 59 STRING 12 22644	3|6163
35 59 STRING 21 	4018373	8576282	6436
58 59 STRING 18 54	342585	15076084
78 59 STRING 3 707
83 59 STRING 1 1
1 60 STRING 6 52741	
9 60 STRING 17 277483	6312242	82
28 60 STRING 5 1252	
35 60 STRING 5 35366
42 60 STRING 17 	6156527	7124613	
61 60 STRING 1 2
64 60 STRING 0 
66 60 STRING 13 |50	273222787
81 60 STRING 4 5864
1 61 STRING 6 86652|
9 61 STRING 10 	1413224	4
21 61 STRING 17 50027	754528	8643
40 61 STRING 4 14	6
46 61 STRING 0 
48 61 STRING 10 7321	65678
60 61 STRING 6 1	5187
68 61 STRING 11 67	68864851
81 61 STRING 5 00754
1 62 STRING 10 52384|0	30
13 62 STRING 13 5608	2512433	
28 62 STRING 22 863082	380634	1581347	
52 62 STRING 22 513543	2547705	6206151
76 62 STRING 6 558536
1 63 STRING 0 
3 63 STRING 0 
5 63 STRING 4 2|04
11 63 STRING 3 	81
16 63 STRING 2 23
20 63 STRING 10 1	2682086	
32 63 STRING 1 6
35 63 STRING 0 
37 63 STRING 2 44
41 63 STRING 28 	5106347	4466575	5766375	255
71 63 STRING 0 
73 63 STRING 3 81	
78 63 STRING 4 7273
84 63 STRING 1 4
87 63 STRING 6 240125
1 64 STRING 6 6|0122
9 64 STRING 5 	8428
16 64 STRING 1 3
19 64 STRING 3 	66
24 64 STRING 0 
26 64 STRING 5 111	8
33 64 STRING 11 04368	28552
46 64 STRING 18 6	3423126	1486184	
66 64 STRING 9 516746	72
77 64 STRING 11 65502443375
1 65 STRING 3 471
6 65 STRING 0 
8 65 STRING 5 83	4|
15 65 STRING 2 10
19 65 STRING 2 5	
23 65 STRING 4 3506
29 65 STRING 3 1	7
34 65 STRING 6 06041	
42 65 STRING 11 305828	4242
55 65 STRING 1 5
58 65 STRING 3 	27
63 65 STRING 5 4115	
70 65 STRING 16 627513	622041032
88 65 STRING 4 5621
1 66 STRING 26 527|472	7764823	7284748	15
29 66 STRING 10 6315	31533
41 66 STRING 31 5	7416348	2000208	5514288	37210
74 66 STRING 8 78578383
1 67 STRING 14 5225722	718762
17 67 STRING 11 	3|42047	18
30 67 STRING 9 0787	7461
41 67 STRING 25 63	4635314	5133465	657248
68 67 STRING 13 	521330226037
83 67 STRING 0 
85 67 STRING 0 
1 68 STRING 2 48
5 68 STRING 20 421|	5504538	718455	
27 68 STRING 3 873
32 68 STRING 4 80	4
38 68 STRING 4 1825
44 68 STRING 2 	5
48 68 STRING 24 84856	2715202	8032667	42
74 68 STRING 2 83
78 68 STRING 8 15021655
1 69 STRING 4 3|07
7 69 STRING 22 67	1565300	2283355	100
31 69 STRING 14 163	3567500	43
47 69 STRING 3 164
52 69 STRING 19 	4603872	7608223	61
73 69 STRING 11 04212860027
1 70 STRING 4 1538
7 70 STRING 0 
9 70 STRING 7 8	72746
18 70 STRING 24 4	8516374	1127|12	781656
44 70 STRING 12 	1155053	127
58 70 STRING 8 448	4008
68 70 STRING 0 
70 70 STRING 4 0	41
76 70 STRING 11 80601546546
1 71 STRING 5 73571
8 71 STRING 24 2	8727556	3518544	686611
34 71 STRING 12 	851|16	7375
48 71 STRING 4 43	7
54 71 STRING 15 82451	3684184	4
71 71 STRING 3 103
76 71 STRING 4 6634
82 71 STRING 1 2
85 71 STRING 0 
1 72 STRING 1 3
4 72 STRING 7 81841	5
13 72 STRING 8 712|2	56
23 72 STRING 11 0733	543625
36 72 STRING 5 	4584
43 72 STRING 15 6	5607258	74502
60 72 STRING 3 7	6
65 72 STRING 4 3404
71 72 STRING 2 	5
75 72 STRING 5 2446 
82 72 STRING 6 635176
1 73 STRING 20 612112|	4468673	3877
23 73 STRING 4 86	5
29 73 STRING 2 70
33 73 STRING 5 86	51
40 73 STRING 0 
42 73 STRING 18 280	5171586	734861
62 73 STRING 23 	3728138	65661554360012
1 74 STRING 0 
3 74 STRING 0 
5 74 STRING 7 483|8	8
14 74 STRING 11 52748	53206
27 74 STRING 2 6	
31 74 STRING 0 
33 74 STRING 17 31107	1312201	263
52 74 STRING 13 552	1212265	5
67 74 STRING 20 42084	71703773617702
1 75 STRING 15 6448442	145141	
18 75 STRING 5 46665
25 75 STRING 30 	32|8163	6843602	4308230	53400
57 75 STRING 4 2	48
63 75 STRING 7 7803	85
72 75 STRING 9 867686382
83 75 STRING 1 2
1 76 STRING 22 8317483	2142211	135|84
25 76 STRING 30 	5122174	4341241	1322474	38540
57 76 STRING 2 6	
61 76 STRING 0 
63 76 STRING 19 7152	768755 4220181
1 77 STRING 3 5|5
6 77 STRING 1 1
9 77 STRING 4 3	87
15 77 STRING 6 7314	5
23 77 STRING 8 00464	47
33 77 STRING 0 
35 77 STRING 9 54	345351
46 77 STRING 21 	4374701	7841217	7082
69 77 STRING 8 7	375070
79 77 STRING 7 8428770
1 78 STRING 39 4222522	751|687	7067571	5767713	625637	
42 78 STRING 1 0
45 78 STRING 9 2228	7618
56 78 STRING 5 42	46
63 78 STRING 14 8724	653571717
79 78 STRING 4 6720
1 79 STRING 0 
3 79 STRING 2 67
7 79 STRING 12 526	77672	15
21 79 STRING 22 633|	3375788	4645110	6
45 79 STRING 10 18717	3733
57 79 STRING 13 42	8777573	28
72 79 STRING 11 680 8870675
1 80 STRING 5 87468
8 80 STRING 2 8	
12 80 STRING 5 |4523
19 80 STRING 6 	16261
27 80 STRING 2 0	
31 80 STRING 0 
33 80 STRING 1 3
36 80 STRING 4 25	2
42 80 STRING 4 3174
48 80 STRING 6 	26316
56 80 STRING 13 5	4088287	767
71 80 STRING 4 082	
77 80 STRING 8 47476110
87 80 STRING 4 6020
1 81 STRING 3 411
6 81 STRING 6 |52	31
14 81 STRING 5 5420	
21 81 STRING 3 224
26 81 STRING 5 12	51
33 81 STRING 0 
35 81 STRING 6 385	66
43 81 STRING 21 7534	1456283	3420186	
66 81 STRING 21 576557	83442366574537
1 82 STRING 2 73
5 82 STRING 5 6163	
12 82 STRING 5 34266
19 82 STRING 7 	2457|3
28 82 STRING 3 	70
33 82 STRING 10 5742	44373
45 82 STRING 35 	268572	8052641	1564	42425348450761
1 83 STRING 6 855|14
9 83 STRING 25 	8264385	5088411	2130016	
36 83 STRING 0 
38 83 STRING 18 11586	1445001	3262
58 83 STRING 3 83	
63 83 STRING 19 056614	120426151327
84 83 STRING 0 
1 84 STRING 5 33876
8 84 STRING 11 5	747|547	4
21 84 STRING 1 8
24 84 STRING 22 753	162665	8748850	568
48 84 STRING 7 443	210
57 84 STRING 11 23	204634	3
70 84 STRING 10 1207113052
1 85 STRING 1 8
4 85 STRING 4 51|2
10 85 STRING 21 	2785077	8043524	6434
33 85 STRING 9 70	831805
44 85 STRING 3 	68
49 85 STRING 0 
51 85 STRING 13 267	5412815	3
66 85 STRING 1 5
69 85 STRING 9 627	44333
80 85 STRING 8 78353445
1 86 STRING 3 552
6 86 STRING 7 |28	865
15 86 STRING 9 506	37255
26 86 STRING 5 6	556
33 86 STRING 6 337	46
41 86 STRING 1 5
44 86 STRING 4 02	7
50 86 STRING 24 53655	4132455	201367	711
76 86 STRING 7 1337200
85 86 STRING 1 2
88 86 STRING 0 
1 87 STRING 6 33|434
9 87 STRING 15 	4481023	331880
26 87 STRING 11 	6418473	52
39 87 STRING 0 
41 87 STRING 5 135	8
48 87 STRING 33 77356	4132768	6005150	38321876371
83 87 STRING 2 53
1 88 STRING 8 3|87237	
11 88 STRING 1 7
14 88 STRING 3 237
19 88 STRING 9 	6441442	
30 88 STRING 12 705273	55161
44 88 STRING 7 0	25641
53 88 STRING 15 	4656532	603620
70 88 STRING 14 	1434845518585
1 89 STRING 17 2484816	434726	66
20 89 STRING 1 2
23 89 STRING 32 85	154|311	5854816	4580335	72501
57 89 STRING 23 3	215772	73417472851781
1 90 STRING 5 7835|
8 90 STRING 0 
10 90 STRING 2 	3
14 90 STRING 0 
16 90 STRING 16 2754	1846585	306
34 90 STRING 21 237	5756010	3562074	5
57 90 STRING 3 348
62 90 STRING 8 2	868674
72 90 STRING 15 	81477152056067
1 91 STRING 32 425253|	1871144	2466270	7615842	
35 91 STRING 23 653772	4020052	400763	3
60 91 STRING 10 78461	3028
72 91 STRING 2 82
76 91 STRING 5 14803
83 91 STRING 0 
