1 1 STRING 31 this   string  has actual  tabs
1 4 STRING 1  
1 5 STRING 3    
1 6 STRING 55                                                        
