1 1 TYPE string
8 1 NAME s TYPE string
10 1 ASSIGN
13 1 STRING 5 Hello
20 1 SEMICOLON
1 3 NAME print TYPE string
6 3 (
7 3 NAME s TYPE string
8 3 [
9 3 INT 1
10 3 ]
11 3 )
12 3 SEMICOLON
