1 2 STRING 38 this 
 string 
 has 
 multiple 
 lines
