1 2 STRING 1 3
4 2 STRING 8 3%388   
14 2 STRING 3 %3%
19 2 STRING 13 8%   4888807	
34 2 STRING 3 232
39 2 STRING 3 23	
44 2 STRING 32 602237	32%1%10	1680%88	382%847	6
78 2 STRING 10 6082%36460
90 2 STRING 6  10680
98 2 STRING 3 6	2
103 2 STRING 10 04\711	282
116 2 STRING 44 862	2%%3238	74%1660	%%73677	2378447	8%%038%	
162 2 STRING 8 6%74047%
172 2 STRING 0 
174 2 STRING 3 672
1 3 STRING 1 6
4 3 STRING 11 1%841	12013
17 3 STRING 0 
19 3 STRING 1 	
22 3 STRING 7 800%37	
31 3 STRING 10 760121	146
43 3 STRING 20 487	1728781	7034077	
65 3 STRING 9 %37836	36
76 3 STRING 5 1%66%
83 3 STRING 0 
85 3 STRING 1 0
88 3 STRING 2 %7
1 4 STRING 9 27%2823	%
12 4 STRING 31 04122	%%43%18	7744084	%%20173	4
45 4 STRING 11 14176	%2076
58 4 STRING 5 0	2%4
65 4 STRING 3 1%	
70 4 STRING 11 373%3767801
83 4 STRING 12 4 88\71163	8
98 4 STRING 23 604%1	2\718878	6083811	
124 4 STRING 13 031148	184672
139 4 STRING 1 	
142 4 STRING 9 %064%2	31
153 4 STRING 1 8
156 4 STRING 7 \71	301
166 4 STRING 9 %03882464
177 4 STRING 0 
1 5 STRING 3 436
6 5 STRING 16 %7%	8373847	6261
24 5 STRING 14 78	2177314	814
40 5 STRING 6 87%	42
48 5 STRING 3 372
53 5 STRING 17 	2761083	4027483	
72 5 STRING 7 6822842
81 5 STRING 4 6303
1 6 STRING 19 %84%462	1481%87	304
22 6 STRING 8 4%7	6833
32 6 STRING 8 %	463780
42 6 STRING 4 	483
48 6 STRING 12 7%7	2024227	
62 6 STRING 9 42083	342
73 6 STRING 16 %234%%3246 46878
91 6 STRING 19 2	402%224	4113304	6
112 6 STRING 11 32260	%61%4
125 6 STRING 4 2	%8
131 6 STRING 6 1%0%	8
139 6 STRING 22 72217	40%%767	72164006
163 6 STRING 0 
165 6 STRING 4 0076
1 7 STRING 17 7836667	4100003	3
20 7 STRING 9 13801	210
31 7 STRING 23 883	46%6486	4003047	476
56 7 STRING 0 
58 7 STRING 3 30	
63 7 STRING 0 
65 7 STRING 0 
67 7 STRING 10 %422	610%8
79 7 STRING 9 7427\71%8
1 8 STRING 1 6
4 8 STRING 6 46434	
12 8 STRING 2 48
16 8 STRING 39 084	214612%	2742%%2	660088%	216%188	%27
57 8 STRING 6 641	12
65 8 STRING 17 6383	34111%488848
84 8 STRING 14 4 283043%	3%08
100 8 STRING 15 73	%63420%	7034
117 8 STRING 9 %0	264438
128 8 STRING 17 	8381%26	%41%320	
147 8 STRING 17 600%03	63126016%2
166 8 STRING 3 464
1 9 STRING 18 338020%	3837681	36
21 9 STRING 7 8%26	22
30 9 STRING 10 2200	72662
42 9 STRING 25 6	%786%32	226%360	%80884	
69 9 STRING 4 2364
75 9 STRING 1 4
78 9 STRING 6 278001
1 10 STRING 10 4814064	23
13 10 STRING 0 
15 10 STRING 0 
17 10 STRING 3 27	
22 10 STRING 42 70128	6370786	4440%17	84%0034	3746200	%1%3
66 10 STRING 14 88	22844624%11
82 10 STRING 12 18 6243334	4
96 10 STRING 2 %0
100 10 STRING 19 	6814%%4	77%2224	67
121 10 STRING 2 0%
125 10 STRING 3 3	%
130 10 STRING 12 367\71	87766
145 10 STRING 6 7	2343
153 10 STRING 7 88	8000
162 10 STRING 7 034306%
171 10 STRING 1 7
1 11 STRING 3 3%3
6 11 STRING 7 083	672
15 11 STRING 0 
17 11 STRING 26 17	77%\7178	4766%46	872418
46 11 STRING 2 	8
50 11 STRING 4 3286
56 11 STRING 5 	2066
63 11 STRING 26 32	67%2361	7%67337726%\714
1 12 STRING 40 33%73%2	%031181	1218%30	130807%	8827008	
43 12 STRING 3 %4%
48 12 STRING 26 %8	%%63184	8027736	8787%34
76 12 STRING 5 13242
83 12 STRING 17  4864020	274%4%7	
102 12 STRING 36 %432%8	2063302	6068363	3840816	827%7
140 12 STRING 0 
142 12 STRING 7 	8360%8
151 12 STRING 2 	1
155 12 STRING 11 43086870131
168 12 STRING 4  %12
174 12 STRING 15 %80	687%03%	261
191 12 STRING 6 317	33
199 12 STRING 9 7870	6470
210 12 STRING 11 80	8468160	
223 12 STRING 1 %
226 12 STRING 5 3%%8	
233 12 STRING 4 1433
239 12 STRING 14 7	7367433336%4
255 12 STRING 1 6
1 13 STRING 0 
3 13 STRING 1 2
6 13 STRING 17 6146	407302%	16%6
25 13 STRING 3 2	4
30 13 STRING 13 %4366	4%8322	
45 13 STRING 14 337708	3%3%42	
61 13 STRING 16 3466%1	%486%%761
79 13 STRING 4 6763
1 14 STRING 8 74%6760	
11 14 STRING 16 42436%	8660412	6
29 14 STRING 12 24764	772270
43 14 STRING 12 	67424%4	626
57 14 STRING 8 760	7\71
68 14 STRING 2 %4
72 14 STRING 14 	3026002218%14
88 14 STRING 3  27
93 14 STRING 1 1
96 14 STRING 3 80	
101 14 STRING 10 470240	122
113 14 STRING 16 333	%180706	2016
131 14 STRING 21 21	6302430	606820	147
154 14 STRING 8 63	80%%2
164 14 STRING 6  42%%4
172 14 STRING 1 %
1 15 STRING 4 3313
7 15 STRING 8 60	22628
17 15 STRING 6 6	3527
25 15 STRING 0 
27 15 STRING 3 2	8
32 15 STRING 7 0434	52
41 15 STRING 7 4520	65
50 15 STRING 3 180
55 15 STRING 10 	5174173	8
67 15 STRING 8 46585	44
77 15 STRING 1 4
80 15 STRING 9 216605224
1 16 STRING 2 74
5 16 STRING 5 5653	
12 16 STRING 5 32070
19 16 STRING 6 	1	654
28 16 STRING 0 
30 16 STRING 27 	35	52	2	47	207		21163	5373
63 16 STRING 35 77			37347		1	20301242146 45351	6	5
105 16 STRING 46 	7770	11113	5	2533640	421			5	2	70470	54557	4	
160 16 STRING 7 	5022		
171 16 STRING 13 	1	354372243	
1 17 STRING 11 	065751	402
15 17 STRING 5 070	1
22 17 STRING 9 \71607	60
34 17 STRING 10 503	2	7206
47 17 STRING 17 	5225401	560131		
67 17 STRING 3 06	
73 17 STRING 6 1			47
83 17 STRING 8 462	7233
1 18 STRING 8 503	4	5	
13 18 STRING 3 \71
19 18 STRING 23 6	1	351403		5412	06	655
47 18 STRING 9 161	\7100
59 18 STRING 37 62	6725125	44	3	1		341746	14724\71 47
103 18 STRING 8 5061	7	0
114 18 STRING 15 722	243315	74	2
132 18 STRING 5 	2	17
140 18 STRING 1 3
143 18 STRING 9 3	\710552
155 18 STRING 9 	4112145	
166 18 STRING 18 562142	67	\7115546
188 18 STRING 3 316
1 19 STRING 0 
3 19 STRING 7 342364	
12 19 STRING 15 2	1164	7516137	
30 19 STRING 16 3	3	6	3		2056	10
52 19 STRING 5 760		
60 19 STRING 4 6\71
67 19 STRING 8 		111613
78 19 STRING 12 	4	\7156	75	
96 19 STRING 3 153
1 20 STRING 18 5404432	50	05	0	72
23 20 STRING 12 077	7		12	5	
40 20 STRING 7 753162	
49 20 STRING 4 1003
55 20 STRING 4 0	34
61 20 STRING 26 316	10417	1	1153507726	723
1 21 STRING 17 7420	76	4001310	2
21 21 STRING 3 336
26 21 STRING 14 4	346240		3106
43 21 STRING 13 25	1546325	74
58 21 STRING 6 5220	1
66 21 STRING 6 	4	0		
77 21 STRING 7 4	62705
87 21 STRING 6 6\7175
1 22 STRING 12 631	150	\71	
18 22 STRING 10 646	3	2	70
32 22 STRING 6 		5	14
42 22 STRING 12 4	5202750	50
56 22 STRING 0 
58 22 STRING 4 72		
65 22 STRING 0 
67 22 STRING 16 576	3	14553	5363
86 22 STRING 3 702
91 22 STRING 1 3
94 22 STRING 0 
96 22 STRING 1 7
1 23 STRING 6 4004	4
10 23 STRING 7 	317		6
21 23 STRING 2 	4
25 23 STRING 2 17
29 23 STRING 4 7		2
36 23 STRING 12 06741	336103
50 23 STRING 6 	7660	
59 23 STRING 25 		73		370	4562200	241643	
90 23 STRING 6 002472
1 24 STRING 10 6156155	34
13 24 STRING 6 2224	4
21 24 STRING 10 15146	6011
33 24 STRING 7 63	3206
42 24 STRING 12 30	13624		37
57 24 STRING 11 7		4	7	3463
73 24 STRING 14 	12720	65	1050
1 25 STRING 9 \713407	6
13 25 STRING 16 62132		074730	72
32 25 STRING 17 5233	6330346		747
52 25 STRING 0 
54 25 STRING 4 0	70
60 25 STRING 7 307	651
69 25 STRING 2 	1
74 25 STRING 15 				2442	036663
1 26 STRING 12 7	0	155		70	
19 26 STRING 35 26	2\714470	746	425	212756	3022767	
58 26 STRING 11 0	5013	3325
72 26 STRING 6 	3	744
81 26 STRING 5 33452
88 26 STRING 5 \7160
1 27 STRING 2 44
5 27 STRING 2 	7
10 27 STRING 16 5	74217	7	737641
29 27 STRING 1 	
32 27 STRING 9 5	624		22
45 27 STRING 32 1102	3376561	437	470	5262516	472
80 27 STRING 10 4676255160
1 28 STRING 5 35406
8 28 STRING 5 		0	4
17 28 STRING 0 
19 28 STRING 0 
21 28 STRING 6 	43	53
30 28 STRING 4 0	16
36 28 STRING 23 211		360440	6657	76	163
63 28 STRING 26 130	2250464	613563 36		3	0
1 29 STRING 3 	25
7 29 STRING 13 545	212345			
24 29 STRING 4 	066
31 29 STRING 7 	6	0050
41 29 STRING 14 	60\71672	2565
58 29 STRING 12 24		223270	1
73 29 STRING 3 274
78 29 STRING 16 2	5106		03175661
1 30 STRING 2 	1
6 30 STRING 1 4
9 30 STRING 11 67	507602	5
22 30 STRING 24 7	22	7753	14	5416663	224
50 30 STRING 15 251	55654\71	26
68 30 STRING 3 	53
74 30 STRING 11 	2214523113
87 30 STRING 2 07
1 31 STRING 22 4\71	723	4216364	2		17
29 31 STRING 17 	5405527	3456144	
48 31 STRING 0 
50 31 STRING 2 03
54 31 STRING 9 \71	363	3
67 31 STRING 6 0	5576
75 31 STRING 3 6		
81 31 STRING 13 	204116275403
1 32 STRING 1 7
4 32 STRING 2 57
8 32 STRING 1 4
11 32 STRING 41 	3		4620	3306455	6123	67	2041030	214	01		
59 32 STRING 3 5	7
65 32 STRING 16 35	5375644		1321
84 32 STRING 8 46745424
1 33 STRING 3 533
6 33 STRING 12 423	1631352	
20 33 STRING 7 0	00	6	
31 33 STRING 13 1003				5\714
50 33 STRING 11 	6	12	32	74
65 33 STRING 28 2641	27731\71	1		457 	0	4	1	
1 34 STRING 19 	313601		0		356	551
26 34 STRING 12 645	4024070	
40 34 STRING 7 400360	
49 34 STRING 10 314774	473
61 34 STRING 18 46	1302072		1643	4
83 34 STRING 5 05	07
91 34 STRING 0 
1 35 STRING 2 	1
6 35 STRING 1 7
9 35 STRING 0 
11 35 STRING 73 7	\7167646		031516	6420062	4112		7	5446402	61	7	14	4454266	55432	153	7200
1 36 STRING 2 3	
6 36 STRING 19 5304	52	4617	467643
28 36 STRING 20 		05247		774	507	51	
54 36 STRING 14 407	611065		41
71 36 STRING 11 4375	64	056
85 36 STRING 7 3067214
1 37 STRING 2 72
5 37 STRING 40 0362	806
646	74
3747	3
33773	2002057	255
50 37 STRING 33 
8
	4636080	40
607
	434
082847740
1 38 STRING 19 
080584	464682	
677
24 38 STRING 5 57	50
31 38 STRING 6 8402	6
39 38 STRING 8 37866	68
49 38 STRING 25 0502	753

	336526	8505643
78 38 STRING 6 043
0

1 39 STRING 18 58

657	8857200	34
23 39 STRING 1 6
26 39 STRING 0 
28 39 STRING 13 7	24
6574	675
44 39 STRING 32 204	2682	5260447	2656570	3
04725
79 39 STRING 2 63
83 39 STRING 2 86
87 39 STRING 0 
1 40 STRING 13 3834886	68633
16 40 STRING 6 7	3678
24 40 STRING 0 
26 40 STRING 0 
28 40 STRING 11 	7
27330	46
42 40 STRING 39 5754	4
52504	82088
4	274
7
3	33
585 378
88 40 STRING 1 4
91 40 STRING 1 8
1 41 STRING 12 

36050	2587
17 41 STRING 17 77	236566
	674372
37 41 STRING 5 	685

45 41 STRING 1 5
48 41 STRING 4 	304
54 41 STRING 19 523	4
45647	


526	
79 41 STRING 4 5
57
86 41 STRING 4  5
4
93 41 STRING 3 076
1 42 STRING 0 
3 42 STRING 51 853226	
04056
	48
57

	2456567	2750408	7536406	6640
61 42 STRING 4 2
	8
68 42 STRING 1 8
71 42 STRING 17 82	5236
424578053
1 43 STRING 10 4765
05	46
14 43 STRING 7 7723	88
23 43 STRING 16 8


	350
422	602
45 43 STRING 13 483	
40
384	

63 43 STRING 6 26207	
71 43 STRING 1 0
74 43 STRING 1 0
77 43 STRING 12 00	482404776
91 43 STRING 4 3448
1 44 STRING 12 847
543	6432
16 44 STRING 9 08	8030
5
28 44 STRING 6 	25645
36 44 STRING 3 3	6
41 44 STRING 18 77763	3565355	7600
61 44 STRING 1 7
64 44 STRING 1 	
67 44 STRING 7 474830	
76 44 STRING 13 
774233336668
1 45 STRING 57 67
7746	6736263	44078
	5
4

76	5356827	
0
7647	4256303	57
67 45 STRING 8 
848	668
78 45 STRING 7 558
634
88 45 STRING 2 24
1 46 STRING 10 5

2740	40
15 46 STRING 8 680	5
08
26 46 STRING 7 37	4284
35 46 STRING 1 2
38 46 STRING 13 	
265378	8256
54 46 STRING 5 7
	76
62 46 STRING 2 5

67 46 STRING 4 2	27
73 46 STRING 2 28
77 46 STRING 2 5	
81 46 STRING 13 430043

00883
1 47 STRING 17 
606453	8
50
58	2
23 47 STRING 12 3326
	684048
38 47 STRING 5 	
536
46 47 STRING 0 
48 47 STRING 14 2	8433756	
728
65 47 STRING 0 
67 47 STRING 4 3	22
73 47 STRING 11 
8
8	
47386
89 47 STRING 5 48388
96 47 STRING 1 2
1 48 STRING 4 74
2
8 48 STRING 0 
10 48 STRING 0 
12 48 STRING 5 	
4
8
21 48 STRING 4 
0	8
28 48 STRING 21 76476	732043	8578362	
51 48 STRING 0 
53 48 STRING 0 
55 48 STRING 20 
038	5772254	352
85	
79 48 STRING 13 304473532227

1 49 STRING 2 6

6 49 STRING 9 58
8	4
82
19 49 STRING 1 2
22 49 STRING 1 	
25 49 STRING 5 33468
32 49 STRING 9 	7
62824	
44 49 STRING 15 076225	870

83	
63 49 STRING 0 
65 49 STRING 6 00488	
73 49 STRING 2 26
77 49 STRING 4 85	7
83 49 STRING 9 70

43
52
97 49 STRING 2 20
1 50 STRING 2 8

6 50 STRING 34 8448	6440655	6270360	8802
00	68736
43 50 STRING 28 	2
3838	
0827
2	3328477	5220
76 50 STRING 4 228

83 50 STRING 2 34
87 50 STRING 1 8
1 51 STRING 53 
6
5
50	2322020	4668562	4

004
	
7

556	
454443	23574
66 51 STRING 11 
	
5
6474	5
82 51 STRING 12 6084 3500604
1 52 STRING 3 678
6 52 STRING 3 88	
11 52 STRING 10 2
6854	
3

26 52 STRING 8 673	2604
36 52 STRING 2 0	
40 52 STRING 20 602453	6226483	83425
62 52 STRING 17 8	
266050	4778658
82 52 STRING 6 8526
4
1 53 STRING 2 53
5 53 STRING 11 
655	207038
19 53 STRING 11 	3
6752
	55
34 53 STRING 26 5587	26264
3	8435807	42288
63 53 STRING 2 2	
67 53 STRING 15 245685	47648266
84 53 STRING 5 6
863
1 54 STRING 0 
3 54 STRING 1 6
6 54 STRING 1 

10 54 STRING 17 05	
76433
	30656

32 54 STRING 19 	7885443	

48746	88
55 54 STRING 3 525
60 54 STRING 11 	2847

2	32
75 54 STRING 2 32
79 54 STRING 1 	
82 54 STRING 1 4
85 54 STRING 9 0205
6378
97 54 STRING 0 
99 54 STRING 0 
1 55 STRING 2 
2
6 55 STRING 7 38
8	80
16 55 STRING 1 4
19 55 STRING 1 4
22 55 STRING 10 	3850887	7
34 55 STRING 25 00340	807
60
	6200774	4
7
64 55 STRING 25 872	588887	807
43 5
36
5

1 56 STRING 11 
620645	476
15 56 STRING 0 
17 56 STRING 8 85	67623
27 56 STRING 0 
29 56 STRING 6 	43042
37 56 STRING 28 8	
807
56	5
32420	8722
58	68
71 56 STRING 13 07

	267
4823
89 56 STRING 1 7
92 56 STRING 3 447
1 57 STRING 0 
3 57 STRING 3 568
8 57 STRING 38 22	2308273	2586458	
577280	4622082	378
49 57 STRING 2 35
53 57 STRING 23 	7034852	2
0556
	245637
80 57 STRING 7 2
7252

1 58 STRING 25 67|4340	5782246	3833487	

29 58 STRING 11 43445	6540

43 58 STRING 2 0	
47 58 STRING 0 
49 58 STRING 24 3
50
	353535
	6884507	32
78 58 STRING 5 26
84
86 58 STRING 2 85
90 58 STRING 0 
92 58 STRING 1 4
1 59 STRING 5 11287
8 59 STRING 11 3	7831787	8
21 59 STRING 12 22644	3|6163
35 59 STRING 21 	4018373	8576282	6436
58 59 STRING 18 54	342585	15076084
78 59 STRING 3 707
83 59 STRING 1 1
1 60 STRING 6 52741	
9 60 STRING 17 277483	6312242	82
28 60 STRING 5 1252	
35 60 STRING 5 35366
42 60 STRING 18 	6156527	\7124613	
63 60 STRING 1 2
66 60 STRING 0 
68 60 STRING 13 |50	273222787
83 60 STRING 4 5864
1 61 STRING 6 86652|
9 61 STRING 10 	1413224	4
21 61 STRING 17 50027	754528	8643
40 61 STRING 4 14	6
46 61 STRING 0 
48 61 STRING 10 7321	65678
60 61 STRING 6 1	5187
68 61 STRING 11 67	68864851
81 61 STRING 5 00754
1 62 STRING 10 52384|0	30
13 62 STRING 13 5608	2512433	
28 62 STRING 22 863082	380634	1581347	
52 62 STRING 22 513543	2547705	6206151
76 62 STRING 6 558536
1 63 STRING 0 
3 63 STRING 0 
5 63 STRING 4 2|04
11 63 STRING 3 	81
16 63 STRING 2 23
20 63 STRING 10 1	2682086	
32 63 STRING 1 6
35 63 STRING 0 
37 63 STRING 2 44
41 63 STRING 28 	5106347	4466575	5766375	255
71 63 STRING 0 
73 63 STRING 3 81	
78 63 STRING 4 7273
84 63 STRING 1 4
87 63 STRING 6 240125
1 64 STRING 6 6|0122
9 64 STRING 5 	8428
16 64 STRING 1 3
19 64 STRING 3 	66
24 64 STRING 0 
26 64 STRING 5 111	8
33 64 STRING 11 04368	28552
46 64 STRING 18 6	3423126	1486184	
66 64 STRING 9 516746	72
77 64 STRING 11 65502443375
1 65 STRING 4 4\71
8 65 STRING 0 
10 65 STRING 5 83	4|
17 65 STRING 2 10
21 65 STRING 2 5	
25 65 STRING 4 3506
31 65 STRING 3 1	7
36 65 STRING 6 06041	
44 65 STRING 11 305828	4242
57 65 STRING 1 5
60 65 STRING 3 	27
65 65 STRING 5 4115	
72 65 STRING 16 627513	622041032
90 65 STRING 4 5621
1 66 STRING 26 527|472	7764823	7284748	15
29 66 STRING 10 6315	31533
41 66 STRING 31 5	7416348	2000208	5514288	37210
74 66 STRING 8 78578383
1 67 STRING 15 5225722	\718762
19 67 STRING 11 	3|42047	18
32 67 STRING 9 0787	7461
43 67 STRING 25 63	4635314	5133465	657248
70 67 STRING 13 	521330226037
85 67 STRING 0 
87 67 STRING 0 
1 68 STRING 2 48
5 68 STRING 21 421|	5504538	\718455	
29 68 STRING 3 873
34 68 STRING 4 80	4
40 68 STRING 4 1825
46 68 STRING 2 	5
50 68 STRING 25 84856	2\715202	8032667	42
78 68 STRING 2 83
82 68 STRING 8 15021655
1 69 STRING 4 3|07
7 69 STRING 22 67	1565300	2283355	100
31 69 STRING 14 163	3567500	43
47 69 STRING 3 164
52 69 STRING 19 	4603872	7608223	61
73 69 STRING 11 04212860027
1 70 STRING 4 1538
7 70 STRING 0 
9 70 STRING 7 8	72746
18 70 STRING 24 4	8516374	1127|12	781656
44 70 STRING 12 	1155053	127
58 70 STRING 8 448	4008
68 70 STRING 0 
70 70 STRING 4 0	41
76 70 STRING 11 80601546546
1 71 STRING 6 735\71
10 71 STRING 24 2	8727556	3518544	686611
36 71 STRING 12 	851|16	7375
50 71 STRING 4 43	7
56 71 STRING 15 82451	3684184	4
73 71 STRING 3 103
78 71 STRING 4 6634
84 71 STRING 1 2
87 71 STRING 0 
1 72 STRING 1 3
4 72 STRING 7 81841	5
13 72 STRING 9 \712|2	56
25 72 STRING 11 0733	543625
38 72 STRING 5 	4584
45 72 STRING 15 6	5607258	74502
62 72 STRING 3 7	6
67 72 STRING 4 3404
73 72 STRING 2 	5
77 72 STRING 5 2446 
84 72 STRING 6 635176
1 73 STRING 20 612112|	4468673	3877
23 73 STRING 4 86	5
29 73 STRING 2 70
33 73 STRING 5 86	51
40 73 STRING 0 
42 73 STRING 19 280	51\71586	734861
64 73 STRING 23 	3728138	65661554360012
1 74 STRING 0 
3 74 STRING 0 
5 74 STRING 7 483|8	8
14 74 STRING 11 52748	53206
27 74 STRING 2 6	
31 74 STRING 0 
33 74 STRING 17 31107	1312201	263
52 74 STRING 13 552	1212265	5
67 74 STRING 21 42084	\71703773617702
1 75 STRING 15 6448442	145141	
18 75 STRING 5 46665
25 75 STRING 30 	32|8163	6843602	4308230	53400
57 75 STRING 4 2	48
63 75 STRING 7 7803	85
72 75 STRING 9 867686382
83 75 STRING 1 2
1 76 STRING 22 8317483	2142211	135|84
25 76 STRING 30 	5122174	4341241	1322474	38540
57 76 STRING 2 6	
61 76 STRING 0 
63 76 STRING 20 \7152	768755 4220181
1 77 STRING 3 5|5
6 77 STRING 1 1
9 77 STRING 4 3	87
15 77 STRING 6 7314	5
23 77 STRING 8 00464	47
33 77 STRING 0 
35 77 STRING 9 54	345351
46 77 STRING 21 	4374701	7841217	7082
69 77 STRING 8 7	375070
79 77 STRING 7 8428770
1 78 STRING 41 4222522	751|687	70675\71	5767\713	625637	
46 78 STRING 1 0
49 78 STRING 9 2228	7618
60 78 STRING 5 42	46
67 78 STRING 16 8724	6535\71\717
87 78 STRING 4 6720
1 79 STRING 0 
3 79 STRING 2 67
7 79 STRING 12 526	77672	15
21 79 STRING 22 633|	3375788	4645110	6
45 79 STRING 11 18\717	3733
59 79 STRING 13 42	8777573	28
74 79 STRING 11 680 8870675
1 80 STRING 5 87468
8 80 STRING 2 8	
12 80 STRING 5 |4523
19 80 STRING 6 	16261
27 80 STRING 2 0	
31 80 STRING 0 
33 80 STRING 1 3
36 80 STRING 4 25	2
42 80 STRING 4 3174
48 80 STRING 6 	26316
56 80 STRING 13 5	4088287	767
71 80 STRING 4 082	
77 80 STRING 8 47476110
87 80 STRING 4 6020
1 81 STRING 3 411
6 81 STRING 6 |52	31
14 81 STRING 5 5420	
21 81 STRING 3 224
26 81 STRING 5 12	51
33 81 STRING 0 
35 81 STRING 6 385	66
43 81 STRING 21 7534	1456283	3420186	
66 81 STRING 21 576557	83442366574537
1 82 STRING 2 73
5 82 STRING 5 6163	
12 82 STRING 5 34266
19 82 STRING 7 	2457|3
28 82 STRING 3 	70
33 82 STRING 10 5742	44373
45 82 STRING 35 	268572	8052641	1564	42425348450761
1 83 STRING 6 855|14
9 83 STRING 25 	8264385	5088411	2130016	
36 83 STRING 0 
38 83 STRING 18 11586	1445001	3262
58 83 STRING 3 83	
63 83 STRING 19 056614	120426151327
84 83 STRING 0 
1 84 STRING 5 33876
8 84 STRING 11 5	747|547	4
21 84 STRING 1 8
24 84 STRING 22 753	162665	8748850	568
48 84 STRING 7 443	210
57 84 STRING 11 23	204634	3
70 84 STRING 11 120\7113052
1 85 STRING 1 8
4 85 STRING 4 51|2
10 85 STRING 21 	2785077	8043524	6434
33 85 STRING 9 70	831805
44 85 STRING 3 	68
49 85 STRING 0 
51 85 STRING 13 267	5412815	3
66 85 STRING 1 5
69 85 STRING 9 627	44333
80 85 STRING 8 78353445
1 86 STRING 3 552
6 86 STRING 7 |28	865
15 86 STRING 9 506	37255
26 86 STRING 5 6	556
33 86 STRING 6 337	46
41 86 STRING 1 5
44 86 STRING 4 02	7
50 86 STRING 25 53655	4132455	201367	\711
78 86 STRING 7 1337200
87 86 STRING 1 2
90 86 STRING 0 
1 87 STRING 6 33|434
9 87 STRING 15 	4481023	331880
26 87 STRING 11 	6418473	52
39 87 STRING 0 
41 87 STRING 5 135	8
48 87 STRING 34 77356	4132768	6005150	383218763\71
85 87 STRING 2 53
1 88 STRING 8 3|87237	
11 88 STRING 1 7
14 88 STRING 3 237
19 88 STRING 9 	6441442	
30 88 STRING 12 705273	55161
44 88 STRING 7 0	25641
53 88 STRING 15 	4656532	603620
70 88 STRING 14 	1434845518585
1 89 STRING 17 2484816	434726	66
20 89 STRING 1 2
23 89 STRING 32 85	154|311	5854816	4580335	72501
57 89 STRING 23 3	215772	73417472851781
1 90 STRING 5 7835|
8 90 STRING 0 
10 90 STRING 2 	3
14 90 STRING 0 
16 90 STRING 16 2754	1846585	306
34 90 STRING 21 237	5756010	3562074	5
57 90 STRING 3 348
62 90 STRING 8 2	868674
72 90 STRING 16 	8147\7152056067
1 91 STRING 33 425253|	18\71144	2466270	7615842	
37 91 STRING 23 653772	4020052	400763	3
62 91 STRING 10 78461	3028
74 91 STRING 2 82
78 91 STRING 5 14803
85 91 STRING 0 
