1 2 STRING 29 how many escapes here? \\\\\\
1 3 STRING 24 how about here? \
\\t\
\
