1 2 STRING 27 strings use the " character
1 3 STRING 18 like "this" string
