1 1 INT 3935388
9 1 INT 9535985
17 1 INT 4888807
25 1 INT 9232923
33 1 INT 9602237
41 1 INT 3251510
49 1 INT 1680588
57 1 INT 3825847
65 1 INT 696082
72 1 INT 5364609
80 1 INT 1068096
88 1 INT 2904711
96 1 INT 2829862
104 1 INT 2553238
112 1 INT 7451660
120 1 INT 5573677
128 1 INT 2378447
136 1 INT 8550385
144 1 INT 9657404
152 1 INT 7599672
1 2 INT 6915841
9 2 INT 1201399
17 2 INT 9800537
25 2 INT 9760121
33 2 INT 1469487
41 2 INT 1728781
49 2 INT 7034077
57 2 INT 9537836
65 2 INT 369156
72 2 INT 65990957
1 3 INT 2752823
9 3 INT 5904122
17 3 INT 5543518
25 3 INT 7744084
33 3 INT 5520173
41 3 INT 4914176
49 3 INT 5207690
57 3 INT 254915
64 3 INT 937353
71 3 INT 76780194
80 3 INT 8871163
88 3 INT 8960451
96 3 INT 2718878
104 3 INT 6083811
112 3 INT 9031148
120 3 INT 1846729
128 3 INT 9506452
136 3 INT 3198971
144 3 INT 3019503
152 3 INT 8824649
1 4 INT 4369575
9 4 INT 8373847
17 4 INT 6261978
25 4 INT 2177314
33 4 INT 8149875
41 4 INT 4293729
49 4 INT 2761083
57 4 INT 4027483
65 4 INT 968228
72 4 INT 4296303
1 5 INT 5845462
9 5 INT 1481587
17 5 INT 3049457
25 5 INT 683395
32 5 INT 4637809
40 5 INT 4839757
48 5 INT 2024227
56 5 INT 942083
63 5 INT 342952
70 5 INT 34553246
79 5 INT 4687892
87 5 INT 4025224
95 5 INT 4113304
103 5 INT 6932260
111 5 INT 5615492
119 5 INT 5891505
127 5 INT 8972217
135 5 INT 4055767
143 5 INT 7216400
151 5 INT 6990076
1 6 INT 7836667
9 6 INT 4100003
17 6 INT 3913801
25 6 INT 2109883
33 6 INT 4656486
41 6 INT 4003047
49 6 INT 4769930
57 6 INT 9995422
65 6 INT 610589
72 6 INT 74277158
1 7 INT 6946434
9 7 INT 9489084
17 7 INT 2146125
25 7 INT 2742552
33 7 INT 6600885
41 7 INT 2165188
49 7 INT 5279641
57 7 INT 1296383
65 7 INT 341115
72 7 INT 48884894
81 7 INT 2830435
89 7 INT 3508973
97 7 INT 5634205
105 7 INT 7034950
113 7 INT 2644389
121 7 INT 8381526
129 7 INT 5415320
137 7 INT 9600503
145 7 INT 6312601
153 7 INT 6529464
1 8 INT 3380205
9 8 INT 3837681
17 8 INT 3698526
25 8 INT 2292200
33 8 INT 7266296
41 8 INT 5786532
49 8 INT 2265360
57 8 INT 580884
64 8 INT 923649
71 8 INT 49278001
1 9 INT 4814064
9 9 INT 2399927
17 9 INT 970128
24 9 INT 6370786
32 9 INT 4440517
40 9 INT 8450034
48 9 INT 3746200
56 9 INT 5153988
64 9 INT 228446
71 9 INT 24511918
80 9 INT 6243334
88 9 INT 49509
94 9 INT 6814554
102 9 INT 7752224
110 9 INT 6790593
118 9 INT 5936771
126 9 INT 8776697
134 9 INT 2343988
142 9 INT 8000903
150 9 INT 4306597
1 10 INT 3539083
9 10 INT 6729917
17 10 INT 7757178
25 10 INT 4766546
33 10 INT 8724189
41 10 INT 8932869
49 10 INT 2066932
57 10 INT 6752361
65 10 INT 756733
72 10 INT 77265714
1 11 INT 3357352
9 11 INT 5031181
17 11 INT 1218530
25 11 INT 1308075
33 11 INT 8827008
41 11 INT 9545958
49 11 INT 5563184
57 11 INT 8027736
65 11 INT 878753
72 11 INT 49132429
81 11 INT 4864020
89 11 INT 2745457
97 11 INT 9543258
105 11 INT 2063302
113 11 INT 6068363
121 11 INT 3840816
129 11 INT 8275799
137 11 INT 8360589
145 11 INT 1943086
153 11 INT 8701319
161 11 INT 5129580
169 11 INT 6875035
177 11 INT 2619317
185 11 INT 3397870
193 11 INT 6470980
201 11 INT 8468160
209 11 INT 9593558
217 11 INT 9143397
225 11 INT 736743
232 11 INT 3336
237 11 INT 5496
1 12 INT 9296146
9 12 INT 4073025
17 12 INT 165692
24 12 INT 4954366
32 12 INT 458322
39 12 INT 9337708
47 12 INT 353542
54 12 INT 9346651
62 12 INT 548655
69 12 INT 76196763
1 13 INT 7456760
9 13 INT 9424365
17 13 INT 8660412
25 13 INT 6924764
33 13 INT 7722709
41 13 INT 6742454
49 13 INT 6269760
57 13 INT 7719549
65 13 INT 302600
72 13 INT 22185149
81 13 INT 2791980
89 13 INT 9470240
97 13 INT 1229333
105 13 INT 5180706
113 13 INT 2016921
121 13 INT 6302430
129 13 INT 606820
136 13 INT 147963
143 13 INT 805529
151 13 INT 4255495
1 14 INT 3313960
9 14 INT 2262896
17 14 INT 3527992
25 14 INT 890434
32 14 INT 5294520
40 14 INT 6591809
48 14 INT 5174173
56 14 INT 8946585
64 14 INT 449492
71 14 INT 16605224
1 15 INT 7495653
9 15 INT 9320709
17 15 INT 1865499
25 15 INT 3585282
33 15 INT 4782078
41 15 INT 21163
47 15 INT 5373977
55 15 INT 8837347
63 15 INT 818203
70 15 INT 1242146
78 15 INT 4535186
86 15 INT 5987770
94 15 INT 1111385
102 15 INT 2533640
110 15 INT 4218885
118 15 INT 2870470
126 15 INT 5455784
134 15 INT 9850228
142 15 INT 9818354
150 15 INT 3722438
1 16 INT 8065751
9 16 INT 4029070
17 16 INT 1971607
25 16 INT 609503
32 16 INT 2872069
40 16 INT 5225401
48 16 INT 5601318
56 16 INT 906891
63 16 INT 884794
70 16 INT 6287233
1 17 INT 5038485
9 17 INT 9719681
17 17 INT 3514038
25 17 INT 5412806
33 17 INT 6559161
41 17 INT 7100962
49 17 INT 6725125
57 17 INT 4483818
65 17 INT 341746
72 17 INT 81472471
81 17 INT 4795061
89 17 INT 7809722
97 17 INT 243315
104 17 INT 7482982
112 17 INT 179393
119 17 INT 7105529
127 17 INT 4112145
135 17 INT 9562142
143 17 INT 6787115
151 17 INT 5469316
1 18 INT 9342364
9 18 INT 9281164
17 18 INT 7516137
25 18 INT 938386
32 18 INT 3882056
40 18 INT 109760
47 18 INT 8967198
55 18 INT 1116139
63 18 INT 487156
70 18 INT 87589153
1 19 INT 5404432
9 19 INT 5080580
17 19 INT 729077
24 19 INT 7881285
32 19 INT 9753162
40 19 INT 9100390
48 19 INT 349316
55 19 INT 1041781
63 19 INT 115350
70 19 INT 77268723
1 20 INT 7420876
9 20 INT 4001310
17 20 INT 2933694
25 20 INT 3462408
33 20 INT 3106925
41 20 INT 1546325
49 20 INT 7495220
57 20 INT 1984808
65 20 INT 948627
72 20 INT 5967175
1 21 INT 6318150
9 21 INT 7189646
17 21 INT 3828709
25 21 INT 8581494
33 21 INT 5202750
41 21 INT 5099728
49 21 INT 99576
55 21 INT 3814553
63 21 INT 536397
70 21 INT 293997
1 22 INT 4004849
9 22 INT 3178869
17 22 INT 4917978
25 22 INT 2906741
33 22 INT 3361039
41 22 INT 7660898
49 22 INT 7388370
57 22 INT 4562200
65 22 INT 241643
72 22 INT 89002472
1 23 INT 6156155
9 23 INT 3492224
17 23 INT 4915146
25 23 INT 6011963
33 23 INT 3206930
41 23 INT 136248
48 23 INT 3797884
56 23 INT 7834639
64 23 INT 127208
71 23 INT 6581050
1 24 INT 713407
8 24 INT 6962132
16 24 INT 8074730
24 24 INT 7295233
32 24 INT 6330346
40 24 INT 8747990
48 24 INT 709307
55 24 INT 6519819
63 24 INT 888244
70 24 INT 28036663
1 25 INT 7808155
9 25 INT 8708926
17 25 INT 2714470
25 25 INT 7468425
33 25 INT 212756
40 25 INT 3022767
48 25 INT 9085013
56 25 INT 3325983
64 25 INT 744933
71 25 INT 45297160
1 26 INT 4498795
9 26 INT 7421787
17 26 INT 7376419
25 26 INT 9586248
33 26 INT 2291102
41 26 INT 3376561
49 26 INT 4378470
57 26 INT 5262516
65 26 INT 472946
72 26 INT 76255160
1 27 INT 354069
8 27 INT 8084999
16 27 INT 4385390
24 27 INT 1692118
32 27 INT 360440
39 27 INT 6657876
47 27 INT 1639130
55 27 INT 2250464
63 27 INT 613563
71 27 INT 3688380
1 28 INT 8259545
9 28 INT 2123458
17 28 INT 8980669
25 28 INT 6800509
33 28 INT 6071672
41 28 INT 2565924
49 28 INT 8223270
57 28 INT 1927492
65 28 INT 510688
72 28 INT 3175661
1 29 INT 8194967
9 29 INT 507602
16 29 INT 597822
23 29 INT 7753814
31 29 INT 5416663
39 29 INT 2249251
47 29 INT 5565471
55 29 INT 2698539
63 29 INT 221452
70 29 INT 3113907
1 30 INT 4718723
9 30 INT 4216364
17 30 INT 288179
24 30 INT 5405527
32 30 INT 3456144
40 30 INT 9903971
48 30 INT 3638390
56 30 INT 5576968
64 30 INT 982041
71 30 INT 16275403
1 31 INT 7957949
9 31 INT 3884620
17 31 INT 3306455
25 31 INT 6123867
33 31 INT 2041030
41 31 INT 2148018
49 31 INT 9587935
57 31 INT 5375644
65 31 INT 813219
72 31 INT 46745424
1 32 INT 5339423
9 32 INT 1631352
17 32 INT 9080086
25 32 INT 9100388
33 32 INT 857149
40 32 INT 6812832
48 32 INT 7492641
56 32 INT 2773171
64 32 INT 188457
72 32 INT 8084818
1 33 INT 8313601
9 33 INT 8088356
17 33 INT 5519645
25 33 INT 4024070
33 33 INT 9400360
41 33 INT 9314774
49 33 INT 473946
56 33 INT 1302072
64 33 INT 816438
71 33 INT 49058079
1 34 INT 8197997
9 34 INT 7167646
17 34 INT 8031516
25 34 INT 6420062
33 34 INT 4112887
41 34 INT 5446402
49 34 INT 6187814
57 34 INT 4454266
65 34 INT 554328
72 34 INT 15387200
1 35 INT 3895304
9 35 INT 5284617
17 35 INT 4676439
25 35 INT 8052478
33 35 INT 7748507
41 35 INT 5189407
49 35 INT 6110658
57 35 INT 4194375
65 35 INT 648056
72 35 INT 93067214
1 36 INT 7290362
9 36 INT 8061646
17 36 INT 7413747
25 36 INT 3133773
33 36 INT 2002057
41 36 INT 2559181
49 36 INT 4636080
57 36 INT 4016071
65 36 INT 434108
72 36 INT 2847740
1 37 INT 1080584
9 37 INT 464682
16 37 INT 1677957
24 37 INT 5098402
32 37 INT 6937866
40 37 INT 6890502
48 37 INT 75311
54 37 INT 336526
61 37 INT 850564
68 37 INT 39043101
1 38 INT 5811657
9 38 INT 8857200
17 38 INT 3496997
25 38 INT 2416574
33 38 INT 6759204
41 38 INT 2682
46 38 INT 5260447
54 38 INT 2656570
62 38 INT 310472
69 38 INT 59639869
1 39 INT 3834886
9 39 INT 6863397
17 39 INT 3678999
25 39 INT 7127330
33 39 INT 4695754
41 39 INT 4152504
49 39 INT 8208814
57 39 INT 2741713
65 39 INT 331585
73 39 INT 3789498
1 40 INT 1136050
9 40 INT 2587977
17 40 INT 2365661
25 40 INT 6743729
33 40 INT 6851959
41 40 INT 3049523
49 40 INT 4145647
57 40 INT 111526
64 40 INT 951579
72 40 INT 5149076
1 41 INT 9853226
9 41 INT 1040561
17 41 INT 4815711
25 41 INT 2456567
33 41 INT 2750408
41 41 INT 7536406
49 41 INT 6640921
57 41 INT 898982
64 41 INT 523614
71 41 INT 24578053
1 42 INT 4765105
9 42 INT 4697723
17 42 INT 8898111
25 42 INT 3501422
33 42 INT 6029483
41 42 INT 1401384
49 42 INT 1926207
57 42 INT 9090900
65 42 INT 482404
72 42 INT 77693448
1 43 INT 8471543
9 43 INT 6432908
17 43 INT 8030159
25 43 INT 2564593
33 43 INT 6977763
41 43 INT 3565355
49 43 INT 7600979
57 43 INT 9474830
65 43 INT 917742
72 43 INT 33336668
1 44 INT 6717746
9 44 INT 6736263
17 44 INT 440781
24 44 INT 5141176
32 44 INT 5356827
40 44 INT 1017647
48 44 INT 4256303
56 44 INT 5791848
64 44 INT 668955
71 44 INT 81634924
1 45 INT 5112740
9 45 INT 409680
16 45 INT 5108937
24 45 INT 4284929
32 45 INT 1265378
40 45 INT 8256971
48 45 INT 7695192
56 45 INT 2792895
64 45 INT 943004
71 45 INT 31100883
1 46 INT 1606453
9 46 INT 8150158
17 46 INT 2933261
25 46 INT 6840489
33 46 INT 1536992
41 46 INT 8433756
49 46 INT 1728993
57 46 INT 2291818
65 46 INT 147386
72 46 INT 94838892
1 47 INT 7412999
9 47 INT 1418910
17 47 INT 8976476
25 47 INT 732043
32 47 INT 8578362
40 47 INT 9991038
48 47 INT 5772254
56 47 INT 352185
63 47 INT 930447
70 47 INT 35322271
1 48 INT 6195818
9 48 INT 4182929
17 48 INT 9334689
25 48 INT 7162824
33 48 INT 9076225
41 48 INT 8701183
49 48 INT 9900488
57 48 INT 926985
64 48 INT 797011
71 48 INT 43152920
1 49 INT 8198448
9 49 INT 6440655
17 49 INT 6270360
25 49 INT 8802100
33 49 INT 687369
40 49 INT 213838
47 49 INT 1082712
55 49 INT 3328477
63 49 INT 522092
70 49 INT 28193498
1 50 INT 1615150
9 50 INT 2322020
17 50 INT 4668562
25 50 INT 4110041
33 50 INT 1711556
41 50 INT 1454443
49 50 INT 2357491
57 50 INT 1516474
65 50 INT 596084
73 50 INT 3500604
1 51 INT 678988
8 51 INT 9216854
16 51 INT 1319673
24 51 INT 260490
31 51 INT 9602453
39 51 INT 6226483
47 51 INT 8342598
55 51 INT 1266050
63 51 INT 477865
70 51 INT 89852614
1 52 INT 5391655
9 52 INT 2070389
17 52 INT 3167521
25 52 INT 5595587
33 52 INT 2626413
41 52 INT 8435807
49 52 INT 4228892
57 52 INT 9245685
65 52 INT 476482
72 52 INT 66961863
1 53 INT 9691905
9 53 INT 1764331
17 53 INT 3065619
25 53 INT 7885443
33 53 INT 1148746
41 53 INT 8895259
49 53 INT 2847112
57 53 INT 329329
64 53 INT 949020
71 53 INT 51637899
1 54 INT 1293818
9 54 INT 8094949
17 54 INT 3850887
25 54 INT 7900340
33 54 INT 8071601
41 54 INT 6200774
49 54 INT 4179872
57 54 INT 588887
64 54 INT 807143
72 54 INT 5136151
1 55 INT 1620645
9 55 INT 4769985
17 55 INT 6762399
25 55 INT 4304298
33 55 INT 1807156
41 55 INT 5132420
49 55 INT 8722158
57 55 INT 6890711
65 55 INT 267148
72 55 INT 23979447
1 56 INT 9568922
9 56 INT 2308273
17 56 INT 2586458
25 56 INT 1577280
33 56 INT 4622082
41 56 INT 3789359
49 56 INT 7034852
57 56 INT 2105561
65 56 INT 245637
72 56 INT 92172521
1 57 INT 6704340
9 57 INT 5782246
17 57 INT 3833487
25 57 INT 1943445
33 57 INT 6540190
41 57 INT 9931501
49 57 INT 3535351
57 57 INT 6884507
65 57 INT 329261
72 57 INT 84985994
1 58 INT 1128793
9 58 INT 7831787
17 58 INT 8922644
25 58 INT 3061639
33 58 INT 4018373
41 58 INT 8576282
49 58 INT 6436954
57 58 INT 342585
64 58 INT 150760
71 58 INT 84970791
1 59 INT 52741
7 59 INT 9277483
15 59 INT 6312242
23 59 INT 8291252
31 59 INT 9353669
39 59 INT 6156527
47 59 INT 7124613
55 59 INT 9299050
63 59 INT 273222
70 59 INT 78795864
1 60 INT 8665209
9 60 INT 1413224
17 60 INT 4950027
25 60 INT 754528
32 60 INT 8643914
40 60 INT 6997321
48 60 INT 6567891
56 60 INT 5187967
64 60 INT 688648
71 60 INT 51900754
1 61 INT 5238400
9 61 INT 3095608
17 61 INT 2512433
25 61 INT 9863082
33 61 INT 380634
40 61 INT 1581347
48 61 INT 9513543
56 61 INT 2547705
64 61 INT 620615
71 61 INT 19558536
1 62 INT 9920049
9 62 INT 8192391
17 62 INT 2682086
25 62 INT 9699449
33 62 INT 5106347
41 62 INT 4466575
49 62 INT 5766375
57 62 INT 2559981
65 62 INT 972739
72 62 INT 49240125
1 63 INT 6001229
9 63 INT 8428939
17 63 INT 6699111
25 63 INT 8904368
33 63 INT 2855296
41 63 INT 3423126
49 63 INT 1486184
57 63 INT 9516746
65 63 INT 729655
72 63 INT 2443375
1 64 INT 4719983
9 64 INT 4091095
17 64 INT 9350691
25 64 INT 7906041
33 64 INT 9305828
41 64 INT 4242959
49 64 INT 2794115
57 64 INT 9627513
65 64 INT 622041
72 64 INT 3295621
1 65 INT 5270472
9 65 INT 7764823
17 65 INT 7284748
25 65 INT 1596315
33 65 INT 3153395
41 65 INT 7416348
49 65 INT 2000208
57 65 INT 5514288
65 65 INT 372109
72 65 INT 78578383
1 66 INT 5225722
9 66 INT 7187629
17 66 INT 3042047
25 66 INT 1890787
33 66 INT 7461963
41 66 INT 4635314
49 66 INT 5133465
57 66 INT 6572489
65 66 INT 521330
72 66 INT 22603799
1 67 INT 4894210
9 67 INT 5504538
17 67 INT 718455
24 67 INT 9873980
32 67 INT 4918259
40 67 INT 5984856
48 67 INT 2715202
56 67 INT 8032667
64 67 INT 429839
71 67 INT 15021655
1 68 INT 3007967
9 68 INT 1565300
17 68 INT 2283355
25 68 INT 1009163
33 68 INT 3567500
41 68 INT 4391649
49 68 INT 4603872
57 68 INT 7608223
65 68 INT 619042
72 68 INT 12860027
1 69 INT 1538998
9 69 INT 7274694
17 69 INT 8516374
25 69 INT 1127012
33 69 INT 7816569
41 69 INT 1155053
49 69 INT 1279448
57 69 INT 4008990
65 69 INT 419806
72 69 INT 1546546
1 70 INT 7357192
9 70 INT 8727556
17 70 INT 3518544
25 70 INT 6866119
33 70 INT 851016
40 70 INT 7375943
48 70 INT 7982451
56 70 INT 3684184
64 70 INT 491039
71 70 INT 6634929
1 71 INT 3981841
9 71 INT 5971202
17 71 INT 5690733
25 71 INT 5436259
33 71 INT 458496
40 71 INT 5607258
48 71 INT 7450297
56 71 INT 6934049
64 71 INT 592446
72 71 INT 9635176
1 72 INT 6121120
9 72 INT 4468673
17 72 INT 3877986
25 72 INT 5970986
33 72 INT 5199280
41 72 INT 5171586
49 72 INT 7348619
57 72 INT 3728138
65 72 INT 656615
72 72 INT 54360012
1 73 INT 9948308
9 73 INT 8952748
17 73 INT 5320696
25 73 INT 9931107
33 73 INT 1312201
41 73 INT 2639552
49 73 INT 1212265
57 73 INT 5942084
65 73 INT 717037
72 73 INT 73617702
1 74 INT 6448442
9 74 INT 145141
16 74 INT 9466659
24 74 INT 3208163
32 74 INT 6843602
40 74 INT 4308230
48 74 INT 5340092
56 74 INT 4897803
64 74 INT 859867
71 74 INT 68638292
1 75 INT 8317483
9 75 INT 2142211
17 75 INT 1350849
25 75 INT 5122174
33 75 INT 4341241
41 75 INT 1322474
49 75 INT 3854096
57 75 INT 997152
64 75 INT 768755
72 75 INT 4220181
1 76 INT 5059193
9 76 INT 8797314
17 76 INT 5900464
25 76 INT 479954
32 76 INT 3453519
40 76 INT 4374701
48 76 INT 7841217
56 76 INT 708297
63 76 INT 375070
70 76 INT 98428770
1 77 INT 4222522
9 77 INT 7510687
17 77 INT 7067571
25 77 INT 5767713
33 77 INT 625637
40 77 INT 9092228
48 77 INT 7618942
56 77 INT 4698724
64 77 INT 653571
71 77 INT 71796720
1 78 INT 9679526
9 78 INT 77672
15 78 INT 1596330
23 78 INT 3375788
31 78 INT 4645110
39 78 INT 6918717
47 78 INT 3733942
55 78 INT 8777573
63 78 INT 289680
71 78 INT 8870675
1 79 INT 8746898
9 79 INT 9045239
17 79 INT 1626190
25 79 INT 993925
32 79 INT 2931749
40 79 INT 2631695
48 79 INT 4088287
56 79 INT 7679082
64 79 INT 947476
71 79 INT 11096020
1 80 INT 4119052
9 80 INT 3195420
17 80 INT 9224912
25 80 INT 5199385
33 80 INT 6697534
41 80 INT 1456283
49 80 INT 3420186
57 80 INT 9576557
65 80 INT 834423
72 80 INT 66574537
1 81 INT 7396163
9 81 INT 9342669
17 81 INT 2457039
25 81 INT 7095742
33 81 INT 443739
40 81 INT 268572
47 81 INT 8052641
55 81 INT 1564
60 81 INT 424253
67 81 INT 48450761
1 82 INT 8550149
9 82 INT 8264385
17 82 INT 5088411
25 82 INT 2130016
33 82 INT 9911586
41 82 INT 1445001
49 82 INT 3262983
57 82 INT 9056614
65 82 INT 120426
72 82 INT 1513279
1 83 INT 3387695
9 83 INT 7470547
17 83 INT 4989753
25 83 INT 162665
32 83 INT 8748850
40 83 INT 5689443
48 83 INT 210923
55 83 INT 204634
62 83 INT 391207
69 83 INT 113052
1 84 INT 8951029
9 84 INT 2785077
17 84 INT 8043524
25 84 INT 6434970
33 84 INT 8318059
41 84 INT 6899267
49 84 INT 5412815
57 84 INT 3959627
65 84 INT 443339
72 84 INT 78353445
1 85 INT 5529028
9 85 INT 8659506
17 85 INT 3725596
25 85 INT 5569337
33 85 INT 4695902
41 85 INT 7953655
49 85 INT 4132455
57 85 INT 201367
64 85 INT 711913
71 85 INT 37200929
1 86 INT 3304349
9 86 INT 4481023
17 86 INT 3318809
25 86 INT 6418473
33 86 INT 5299135
41 86 INT 8977356
49 86 INT 4132768
57 86 INT 6005150
65 86 INT 383218
72 86 INT 76371953
1 87 INT 3087237
9 87 INT 9792379
17 87 INT 6441442
25 87 INT 9705273
33 87 INT 5516190
41 87 INT 256419
48 87 INT 4656532
56 87 INT 6036209
64 87 INT 143484
71 87 INT 5518585
1 88 INT 2484816
9 88 INT 434726
16 88 INT 6692985
24 88 INT 1540311
32 88 INT 5854816
40 88 INT 4580335
48 88 INT 7250193
56 88 INT 215772
63 88 INT 734174
70 88 INT 72851781
1 89 INT 7835099
9 89 INT 3992754
17 89 INT 1846585
25 89 INT 3069237
33 89 INT 5756010
41 89 INT 3562074
49 89 INT 5934892
57 89 INT 8686749
65 89 INT 814771
72 89 INT 52056067
1 90 INT 4252530
9 90 INT 1871144
17 90 INT 2466270
25 90 INT 7615842
33 90 INT 9653772
41 90 INT 4020052
49 90 INT 400763
56 90 INT 3978461
64 90 INT 302898
71 90 INT 29148039
