1 1 RETURN
8 1 INT 10
11 1 PLUS
13 1 INT 10
16 1 PLUS
18 1 INT 1
20 1 PLUS
22 1 INT 99
25 1 PLUS
27 1 INT 473
31 1 PLUS
33 1 INT 9823497
41 1 PLUS
43 1 INT 1
44 1 SEMICOLON
