1 1 INT 4000
8 1 INT 2223
15 1 INT 3643
27 1 INT 52770770
1 2 INT 6206066
13 2 INT 66404141
1 3 INT 4232
10 3 INT 7216
16 3 INT 705027261
1 4 INT 25
4 4 INT 5750
9 4 INT 4545
18 4 INT 52522272
1 5 INT 1041
8 5 INT 7601
14 5 INT 47012250
1 6 INT 5527
6 6 INT 5355
13 6 INT 213620326
1 7 INT 4240051
13 7 INT 5614
21 7 INT 44362227
1 8 INT 40011
9 8 INT 6277
15 8 INT 27600175
1 9 INT 2611
7 9 INT 7100
12 9 INT 23535406
1 10 INT 4006
9 10 INT 1003
16 10 INT 5260
22 10 INT 3002060
1 11 INT 1065
7 11 INT 6200
13 11 INT 1077
18 11 INT 54010102
1 12 INT 6760
8 12 INT 206
13 12 INT 6135600
1 13 INT 2305
8 13 INT 2353
17 13 INT 5143
26 13 INT 10446500
1 14 INT 2661
8 14 INT 5505020
16 14 INT 54262241
1 15 INT 176170
9 15 INT 4077
16 15 INT 43734614
1 16 INT 2000
6 16 INT 120064
16 16 INT 70117002
1 17 INT 2425
8 17 INT 1060601
18 17 INT 53203116
1 18 INT 1140
8 18 INT 1003
15 18 INT 1776
21 18 INT 60033012
1 19 INT 4715
8 19 INT 3473
19 19 INT 4464
31 19 INT 50154674
1 20 INT 4047
10 20 INT 2045
17 20 INT 74306344
1 21 INT 7604045
14 21 INT 76125
1 22 INT 3156135
14 22 INT 3602
22 22 INT 53501601
1 23 INT 4341
12 23 INT 2674
20 23 INT 10137400
1 24 INT 4661124
15 24 INT 2003
22 24 INT 1004001
1 25 INT 605
6 25 INT 7611
12 25 INT 2475
19 25 INT 52440404
1 26 INT 3246
11 26 INT 264
18 26 INT 7320
25 26 INT 52121504
1 27 INT 5270
6 27 INT 7054
13 27 INT 527061203
1 28 INT 4227
8 28 INT 2204
15 28 INT 3000
22 28 INT 75434401
1 29 INT 1710
6 29 INT 7670045
17 29 INT 42430004
1 30 INT 5074042
13 30 INT 64015703
1 31 INT 5030
8 31 INT 5437300
22 31 INT 550503
1 32 INT 7140
8 32 INT 4365306
24 32 INT 160000
1 33 INT 2070
6 33 INT 1511
11 33 INT 3031
20 33 INT 137200
1 34 INT 7706
7 34 INT 3470
16 34 INT 1640
24 34 INT 175500
1 35 INT 117670
9 35 INT 2003
16 35 INT 335237
1 36 INT 1502
6 36 INT 140034
19 36 INT 404511
1 37 INT 4000
8 37 INT 7576
14 37 INT 1403
23 37 INT 560063
1 38 INT 7631
9 38 INT 2542
16 38 INT 250321646
1 39 INT 1047
8 39 INT 2006
14 39 INT 4424
25 39 INT 114174
1 40 INT 5015
6 40 INT 2704
13 40 INT 1302
20 40 INT 555404
1 41 INT 3676
10 41 INT 1064
18 41 INT 6633
29 41 INT 620246
1 42 INT 5506
7 42 INT 2205
12 42 INT 3767
20 42 INT 11500
1 43 INT 7660042
13 43 INT 1571
18 43 INT 351307
1 44 INT 2602
7 44 INT 5614
15 44 INT 706
20 44 INT 740502
1 45 INT 6303
11 45 INT 6503
19 45 INT 406
26 45 INT 76660
1 46 INT 2102072
9 46 INT 74
14 46 INT 315426
1 47 INT 6014
9 47 INT 2503
16 47 INT 651121474
1 48 INT 2610
7 48 INT 1661
14 48 INT 1407
21 48 INT 450362
1 49 INT 2017000
9 49 INT 1402
16 49 INT 50233
1 50 INT 2605
7 50 INT 7010
12 50 INT 6006
19 50 INT 440574
1 51 INT 1560
7 51 INT 3200
14 51 INT 240563667
1 52 INT 2046004
14 52 INT 7677
20 52 INT 374457
1 53 INT 651
6 53 INT 5040
13 53 INT 1077
18 53 INT 65054
1 54 INT 730
7 54 INT 563103
19 54 INT 766602
1 55 INT 5066
8 55 INT 2206
14 55 INT 7004
21 55 INT 340002
1 56 INT 2174
8 56 INT 4004
17 56 INT 130170450
1 57 INT 6270500
10 57 INT 502
14 57 INT 554300
1 58 INT 5673
9 58 INT 1661
16 58 INT 755455120
1 59 INT 1647
9 59 INT 3334602
26 59 INT 545023
1 60 INT 1206
7 60 INT 7057662
17 60 INT 261014
1 61 INT 6054
9 61 INT 5132
16 61 INT 4632
26 61 INT 325054
1 62 INT 1503
8 62 INT 5100
13 62 INT 463620104
1 63 INT 252
5 63 INT 755
9 63 INT 1044
18 63 INT 413236
1 64 INT 1330
10 64 INT 7406072
21 64 INT 550000
1 65 INT 377
7 65 INT 4162
15 65 INT 702234705
1 66 INT 1005
6 66 INT 2021334243
1 67 INT 6014
9 67 INT 2071
14 67 INT 3447
25 67 INT 66100
1 68 INT 5326
9 68 INT 2300
16 68 INT 234042406
1 69 INT 6507
7 69 INT 6010
13 69 INT 6052
19 69 INT 672000
1 70 INT 2006
7 70 INT 6462
16 70 INT 2270
21 70 INT 76000
1 71 INT 510
5 71 INT 1010
10 71 INT 7133
19 71 INT 751207
1 72 INT 6730705
12 72 INT 6746
21 72 INT 220103
1 73 INT 3450
10 73 INT 5053
17 73 INT 6727
23 73 INT 363367
1 74 INT 1005
6 74 INT 6460
15 74 INT 1146
23 74 INT 354001
1 75 INT 7301
8 75 INT 3047
17 75 INT 3465
27 75 INT 320030
1 76 INT 333106
15 76 INT 4246
25 76 INT 306030
1 77 INT 3556
9 77 INT 1057
14 77 INT 5005
19 77 INT 701136
1 78 INT 560340
13 78 INT 7024
20 78 INT 633020
1 79 INT 4401
10 79 INT 2006
16 79 INT 4004
25 79 INT 107040
1 80 INT 2440240
15 80 INT 420470052
1 81 INT 4020
8 81 INT 56027
15 81 INT 457673
1 82 INT 7001
6 82 INT 571
10 82 INT 3407
19 82 INT 57300
1 83 INT 177
5 83 INT 2500
10 83 INT 4106
18 83 INT 51457
1 84 INT 2303
10 84 INT 5040
17 84 INT 3700
24 84 INT 604335
1 85 INT 1606
8 85 INT 1201415025
1 86 INT 7214
8 86 INT 2002
13 86 INT 7070
18 86 INT 230562
1 87 INT 3030
10 87 INT 7320
17 87 INT 705560074
1 88 INT 2614
9 88 INT 2010407214
1 89 INT 7700
6 89 INT 730
12 89 INT 3410
21 89 INT 623455
1 90 INT 2760
7 90 INT 7445
16 90 INT 5500
21 90 INT 203300
1 91 INT 3043
12 91 INT 1600255037
1 92 INT 5006
7 92 INT 1007
12 92 INT 6010
18 92 INT 6341
1 93 INT 1600
7 93 INT 1307115370
1 94 INT 5377
8 94 INT 2123052
18 94 INT 642200
1 95 INT 4061
9 95 INT 4700323
23 95 INT 322743
1 96 INT 2000
6 96 INT 373
14 96 INT 7566
21 96 INT 254515
1 97 INT 1002
6 97 INT 2246063
20 97 INT 575064
1 98 INT 7134
10 98 INT 3322037
24 98 INT 740017
1 99 INT 3204
10 99 INT 1175203631
1 100 INT 1705
6 100 INT 6031
14 100 INT 7500
19 100 INT 476540
1 101 INT 5505
6 101 INT 6556
13 101 INT 1605
19 101 INT 307337
1 102 INT 2507
6 102 INT 7552
11 102 INT 732045516
1 103 INT 4717
8 103 INT 5254
15 103 INT 7367
23 103 INT 601403
1 104 INT 3171
8 104 INT 6306
17 104 INT 4245
26 104 INT 470654
1 105 INT 2221
6 105 INT 1715
11 105 INT 547132550
1 106 INT 2721
6 106 INT 4325
15 106 INT 5233
24 106 INT 7024
1 107 INT 3501061
12 107 INT 1104
19 107 INT 726062
1 108 INT 2004
8 108 INT 7323
17 108 INT 7035
24 108 INT 266001
1 109 INT 2640
9 109 INT 6553172
20 109 INT 771022
1 110 INT 2724
8 110 INT 2765
14 110 INT 240602041
1 111 INT 2104
8 111 INT 7106743
21 111 INT 342257
1 112 INT 2373030
15 112 INT 4003
24 112 INT 436510
1 113 INT 2005
6 113 INT 5604
14 113 INT 1146
22 113 INT 637037
1 114 INT 2006
7 114 INT 3302
16 114 INT 6756
23 114 INT 606077
1 115 INT 2030
8 115 INT 3372
17 115 INT 6041
25 115 INT 620752
1 116 INT 232
7 116 INT 3660607
20 116 INT 560151
1 117 INT 6262
8 117 INT 4360
18 117 INT 1742
25 117 INT 115252
1 118 INT 5431705
13 118 INT 6016
20 118 INT 470600
1 119 INT 3500
8 119 INT 6342014
23 119 INT 405433
1 120 INT 1306
9 120 INT 5734
18 120 INT 7333
29 120 INT 607062
1 121 INT 2206
7 121 INT 2000
12 121 INT 102406311
1 122 INT 1430003170
18 122 INT 762340
1 123 INT 1050
6 123 INT 3066
15 123 INT 6004
23 123 INT 634502
1 124 INT 2150
6 124 INT 6600
13 124 INT 1400
20 124 INT 40600
1 125 INT 6503710
12 125 INT 526745243
1 126 INT 3177
8 126 INT 6366
18 126 INT 1637
26 126 INT 413603
1 127 INT 7401
8 127 INT 340
16 127 INT 2004
23 127 INT 726007
1 128 INT 2350
8 128 INT 3100140
20 128 INT 553202
1 129 INT 3033
12 129 INT 6011
18 129 INT 603364050
1 130 INT 1147046
14 130 INT 3521
21 130 INT 431053
1 131 INT 1104
8 131 INT 6177
14 131 INT 1632
22 131 INT 777600
1 132 INT 1614433012
21 132 INT 360425
1 133 INT 3344
14 133 INT 4513100
26 133 INT 641556
1 134 INT 3646
12 134 INT 546
19 134 INT 222
23 134 INT 463124
1 135 INT 220
5 135 INT 7604026
17 135 INT 276703
1 136 INT 150055
8 136 INT 6625
15 136 INT 307012
1 137 INT 501
5 137 INT 5401
12 137 INT 1644
22 137 INT 566310
1 138 INT 410
7 138 INT 6406
16 138 INT 4720
23 138 INT 104041
1 139 INT 4000
8 139 INT 263
15 139 INT 420206270
1 140 INT 5343
12 140 INT 2350
19 140 INT 6501
25 140 INT 200303
1 141 INT 3133
12 141 INT 6602
19 141 INT 6016
26 141 INT 450510
1 142 INT 5002
6 142 INT 7003221
16 142 INT 51603
1 143 INT 1146
9 143 INT 7604
17 143 INT 5030
24 143 INT 647670
1 144 INT 6352
9 144 INT 1405
16 144 INT 260020604
1 145 INT 6402
9 145 INT 5132
16 145 INT 4302
25 145 INT 247010
1 146 INT 5035
8 146 INT 6306
17 146 INT 414
25 146 INT 20700
1 147 INT 2646
10 147 INT 1427
17 147 INT 7230
24 147 INT 10473
1 148 INT 4012
8 148 INT 1736
16 148 INT 253744246
1 149 INT 3070
8 149 INT 7100
13 149 INT 1447
22 149 INT 746402
1 150 INT 2010
6 150 INT 6504070
17 150 INT 703370
1 151 INT 5006
7 151 INT 2020260214
1 152 INT 2552
6 152 INT 5065
12 152 INT 435504066
1 153 INT 2347
10 153 INT 1337
19 153 INT 16306002
1 154 INT 2202
6 154 INT 6064
15 154 INT 4306
25 154 INT 500272
1 155 INT 706
6 155 INT 4210
13 155 INT 166
19 155 INT 606001
1 156 INT 2504
8 156 INT 6103
16 156 INT 460503164
1 157 INT 2011
6 157 INT 1620
12 157 INT 2340
21 157 INT 302030
1 158 INT 2702
6 158 INT 4602
14 158 INT 3320
23 158 INT 624104
1 159 INT 430636
16 159 INT 4000
23 159 INT 103123
1 160 INT 3001067
12 160 INT 7005
17 160 INT 707760
1 161 INT 2066
8 161 INT 7050
13 161 INT 6006
20 161 INT 447007
1 162 INT 4730
10 162 INT 202
14 162 INT 3706
22 162 INT 522004
1 163 INT 5512
6 163 INT 5060
12 163 INT 6340
22 163 INT 260051
1 164 INT 3301
10 164 INT 1406500272
1 165 INT 201325
10 165 INT 4503
19 165 INT 702756
1 166 INT 2400314
15 166 INT 7531
22 166 INT 40216
1 167 INT 5101
6 167 INT 106
11 167 INT 4703
20 167 INT 266433
1 168 INT 4752
8 168 INT 7461
16 168 INT 7474
25 168 INT 475450
1 169 INT 3007
8 169 INT 6525
14 169 INT 6006
21 169 INT 411604
1 170 INT 2204
8 170 INT 7607305
19 170 INT 605020
1 171 INT 2515
6 171 INT 7636
15 171 INT 7470
22 171 INT 550041
1 172 INT 2517
6 172 INT 6740
14 172 INT 163032401
1 173 INT 231
7 173 INT 2000
12 173 INT 7506
18 173 INT 62766
1 174 INT 1406
9 174 INT 514
15 174 INT 7002
20 174 INT 716034
1 175 INT 2736
9 175 INT 100007
16 175 INT 445001
1 176 INT 1065155
10 176 INT 4710
17 176 INT 242755
1 177 INT 7271
6 177 INT 1214634313
1 178 INT 2333
12 178 INT 4031
21 178 INT 6410
29 178 INT 634305
1 179 INT 7604
9 179 INT 6601
16 179 INT 750
20 179 INT 407374
1 180 INT 373
9 180 INT 3610
17 180 INT 1105
22 180 INT 350360
1 181 INT 7311
8 181 INT 646
16 181 INT 601030704
1 182 INT 2723
8 182 INT 5007
13 182 INT 3672
21 182 INT 717740
1 183 INT 5434
12 183 INT 5040
19 183 INT 10010701
1 184 INT 3061
9 184 INT 5074
16 184 INT 147032147
1 185 INT 2165040
12 185 INT 3206
20 185 INT 506247
1 186 INT 4057
8 186 INT 1500
13 186 INT 305134450
1 187 INT 2705
6 187 INT 4011
13 187 INT 350767012
1 188 INT 5602
7 188 INT 1002
12 188 INT 602037100
1 189 INT 27
4 189 INT 2164
12 189 INT 657631263
1 190 INT 2007731
11 190 INT 661206555
1 191 INT 1755
6 191 INT 44503300
1 192 INT 6172
7 192 INT 7503072
17 192 INT 305745
1 193 INT 2172
6 193 INT 5360503
19 193 INT 362300
1 194 INT 2714
8 194 INT 1144
17 194 INT 333050076
1 195 INT 5304053
15 195 INT 4643573
1 196 INT 2403065
14 196 INT 7500
19 196 INT 652510
1 197 INT 2111
6 197 INT 3303
17 197 INT 5400
24 197 INT 551002
1 198 INT 4300
10 198 INT 1400
17 198 INT 524
23 198 INT 405356
1 199 INT 2043
10 199 INT 7720
15 199 INT 111102044
1 200 INT 1560
7 200 INT 6017
13 200 INT 1031
20 200 INT 702270
