1 1 INT 1000
7 1 INT 1000000
1 2 INT 1000
6 2 INT 1000000
