1 1 WHILE
7 1 (
8 1 INT 0
10 1 NE
13 1 INT 0
14 1 )
16 1 {
3 2 IF
6 2 (
7 2 INT 0
9 2 EQ
12 2 INT 0
13 2 )
15 2 {
5 3 INT 0
7 3 PLUS
9 3 INT 0
11 3 REM
13 3 INT 0
14 3 SEMICOLON
3 4 }
5 4 ELSE
10 4 IF
13 4 (
14 4 INT 0
16 4 XOR
18 4 INT 0
20 4 LT
22 4 INT 0
24 4 XOR
26 4 INT 0
27 4 )
29 4 {
5 5 INT 0
7 5 MINUS
9 5 INT 0
10 5 SEMICOLON
3 6 }
5 6 ELSE
10 6 IF
13 6 (
14 6 NOT
15 6 INT 0
17 6 LT
19 6 INT 0
20 6 BAND
21 6 INT 0
22 6 BOR
23 6 INT 0
25 6 AND
29 6 INT 0
30 6 AND
32 6 INT 0
34 6 LE
37 6 INT 0
38 6 OR
40 6 INT 0
41 6 )
43 6 {
5 7 INT 0
7 7 MUL
9 7 INT 0
10 7 SEMICOLON
3 8 }
5 8 ELSE
10 8 IF
13 8 (
14 8 INT 0
16 8 GT
18 8 INT 0
20 8 OR
23 8 INT 0
25 8 GE
28 8 INT 0
29 8 )
31 8 {
5 9 INT 0
7 9 DIV
9 9 INT 0
10 9 SEMICOLON
3 10 }
1 11 }
