1 1 TYPE int
5 1 NAME name TYPE int
1 2 TYPE char
6 2 NAME of TYPE char
1 3 TYPE string
8 3 NAME many TYPE string
1 4 TYPE int
4 4 [
5 4 ]
7 4 NAME variables TYPE int
