1 1 NAME everything
12 1 NAME in
15 1 NAME a
17 1 NAME comment
25 1 NAME is
28 1 NAME ignored
