1 2 INT 3935388
9 2 INT 9535985
17 2 INT 4888807
25 2 INT 9232923
33 2 INT 9602237
41 2 INT 3251510
49 2 INT 1680588
57 2 INT 3825847
65 2 INT 6960825
73 2 INT 364609
80 2 INT 1068096
88 2 INT 2904711
96 2 INT 2829862
104 2 INT 2553238
112 2 INT 7451660
120 2 INT 5573677
128 2 INT 2378447
136 2 INT 8550385
144 2 INT 9657404
152 2 INT 7599672
1 4 INT 2752823
9 4 INT 5904122
17 4 INT 5543518
25 4 INT 7744084
33 4 INT 5520173
41 4 INT 4914176
49 4 INT 5207690
57 4 INT 254915
64 4 INT 9373537
72 4 INT 6780194
80 4 INT 8871163
88 4 INT 8960451
96 4 INT 2718878
104 4 INT 6083811
112 4 INT 9031148
120 4 INT 1846729
128 4 INT 9506452
136 4 INT 3198971
144 4 INT 301950
151 4 INT 3824649
