1 1 NAME number123
1 2 NAME anotherNumber456
1 3 NAME yetAnotherNumber789
