1 2 NAME these
7 2 NAME are
11 2 NAME variable
20 2 NAME names
