1 1 INT 342391
10 1 INT 0
12 1 INT 1
15 1 INT 2
18 1 INT 1
1 2 INT 1
4 2 INT 10
8 2 INT 4227
15 2 INT 5344
