1 1 INT 0
1 2 INT 13303482
10 2 INT 57005
17 2 INT 48879
24 2 INT 11259375
33 2 INT 4660
41 2 INT 354185
1 3 INT 11259375
1 4 INT 342391
10 4 INT 0
12 4 INT 1
15 4 INT 2
18 4 INT 1
1 5 INT 473
5 5 INT 400
9 5 INT 70
12 5 INT 3
14 5 INT 0
