1 1 INT 0
1 2 INT 13303482
10 2 INT 57005
17 2 INT 48879
24 2 INT 180096495
34 2 INT 73780
42 2 INT 90208400
1 3 INT 180150000
19 3 INT 591751049
1 4 INT 13303482
12 4 INT 57005
20 4 INT 48879
27 4 INT 180096495
37 4 INT 73780
45 4 INT 90208400
