1 1 INT 18576
8 1 INT 8739
15 1 INT 13891
22 1 INT 86480761
1 2 INT 25222
8 2 INT 39186
15 2 INT 34150
22 2 INT 107495745
1 3 INT 16946
8 3 INT 29206
15 3 INT 30808
22 3 INT 135426657
1 4 INT 149
6 4 INT 22361
13 4 INT 17733
20 4 INT 86123122
1 5 INT 4161
8 5 INT 30353
15 5 INT 17744
22 5 INT 141632089
1 6 INT 21799
8 6 INT 21333
15 6 INT 10033
22 6 INT 137532198
1 7 INT 16968
8 7 INT 39249
15 7 INT 22036
22 7 INT 71705127
1 8 INT 18833
8 8 INT 145
13 8 INT 25207
20 8 INT 41455989
1 9 INT 34321
8 9 INT 29065
15 9 INT 8992
22 9 INT 137581574
1 10 INT 16534
8 10 INT 6531
15 10 INT 21096
22 10 INT 3680617
1 11 INT 6501
8 11 INT 25232
15 11 INT 6519
22 11 INT 88183042
1 12 INT 26472
8 12 INT 662
14 12 INT 24885
21 12 INT 8873624
1 13 INT 9109
8 13 INT 9043
15 13 INT 20803
22 13 INT 26502537
1 14 INT 9825
8 14 INT 21893
15 14 INT 32800
22 14 INT 88482369
1 15 INT 5985
8 15 INT 2169
14 15 INT 18807
21 15 INT 70469140
1 16 INT 39065
8 16 INT 4760
15 16 INT 2404
21 16 INT 126974082
1 17 INT 33829
8 17 INT 6505
15 17 INT 38529
22 17 INT 87568662
1 18 INT 4416
8 18 INT 4099
15 18 INT 6006
22 18 INT 100874514
1 19 INT 18197
8 19 INT 13427
15 19 INT 17508
22 19 INT 92620404
1 20 INT 18503
8 20 INT 10565
15 20 INT 29699
22 20 INT 151401620
1 21 INT 29282
8 21 INT 34708
15 21 INT 38981
22 21 INT 123769893
1 22 INT 12630
8 22 INT 37173
15 22 INT 13970
22 22 INT 87627265
1 23 INT 17217
8 23 INT 9844
15 23 INT 6163
22 23 INT 135
27 23 INT 889
1 24 INT 18017
8 24 INT 37156
15 24 INT 8323
22 24 INT 1657217
1 25 INT 1685
7 25 INT 30225
14 25 INT 9333
21 25 INT 86283412
1 26 INT 12870
8 26 INT 612
14 26 INT 29480
21 26 INT 86119684
1 27 INT 21104
8 27 INT 31060
15 27 INT 21009
22 27 INT 141955731
1 28 INT 16935
8 28 INT 8852
15 28 INT 14464
22 28 INT 122897409
1 29 INT 5913
8 29 INT 30328
15 29 INT 39237
22 29 INT 69437828
1 30 INT 20596
8 30 INT 32834
15 30 INT 25745
22 30 INT 34051
1 31 INT 20528
8 31 INT 21559
15 31 INT 33544
22 31 INT 349571
1 32 INT 29001
8 32 INT 17253
15 32 INT 37766
22 32 INT 92288
1 33 INT 39288
8 33 INT 5393
15 33 INT 14641
22 33 INT 78344
1 34 INT 30470
8 34 INT 13432
15 34 INT 5696
22 34 INT 95632
1 35 INT 4470
8 35 INT 2416
14 35 INT 10243
21 35 INT 209463
1 36 INT 5378
8 36 INT 5128
15 36 INT 2356
21 36 INT 263441
1 37 INT 18840
8 37 INT 30070
15 37 INT 5267
22 37 INT 354659
1 38 INT 30257
8 38 INT 9538
15 38 INT 9603
22 38 INT 599622
1 39 INT 4167
8 39 INT 10246
15 39 INT 17444
22 39 INT 70004
1 40 INT 20501
8 40 INT 10116
15 40 INT 4866
22 40 INT 349188
1 41 INT 13942
8 41 INT 4196
15 41 INT 26163
22 41 INT 401990
1 42 INT 21766
8 42 INT 8837
15 42 INT 14183
22 42 INT 4352
1 43 INT 30304
8 43 INT 35138
15 43 INT 5489
22 43 INT 218007
1 44 INT 38530
8 44 INT 22036
15 44 INT 1942
21 44 INT 476418
1 45 INT 25347
8 45 INT 25859
15 45 INT 1174
21 45 INT 30312
1 46 INT 8450
8 46 INT 36978
15 46 INT 116
20 46 INT 201766
1 47 INT 26900
8 47 INT 9475
15 47 INT 25873
22 47 INT 533620
1 48 INT 38424
8 48 INT 5729
15 48 INT 5255
22 48 INT 283490
1 49 INT 10263
8 49 INT 34969
15 49 INT 5122
22 49 INT 22835
1 50 INT 38533
8 50 INT 28697
15 50 INT 27014
22 50 INT 279924
1 51 INT 5481
8 51 INT 12936
15 51 INT 9349
22 51 INT 550503
1 52 INT 39238
8 52 INT 39300
15 52 INT 30327
22 52 INT 226391
1 53 INT 1617
7 53 INT 20553
14 53 INT 6519
21 53 INT 25940
1 54 INT 1840
7 54 INT 1379
13 54 INT 33155
20 54 INT 484994
1 55 INT 22886
8 55 INT 8838
15 55 INT 30980
22 55 INT 215442
1 56 INT 8564
8 56 INT 16388
15 56 INT 5009
22 56 INT 554064
1 57 INT 25209
8 57 INT 34057
15 57 INT 1426
21 57 INT 348937
1 58 INT 22131
8 58 INT 5729
15 58 INT 30036
22 58 INT 610600
1 59 INT 5703
8 59 INT 13108
15 59 INT 34306
22 59 INT 346147
1 60 INT 4614
8 60 INT 30807
15 60 INT 38498
22 60 INT 155668
1 61 INT 26964
8 61 INT 20786
15 61 INT 17970
22 61 INT 207188
1 62 INT 5507
8 62 INT 20880
15 62 INT 17974
22 62 INT 532740
1 63 INT 2386
7 63 INT 1877
13 63 INT 4164
20 63 INT 266806
1 64 INT 4921
8 64 INT 29846
15 64 INT 34930
22 64 INT 350360
1 65 INT 887
7 65 INT 16738
14 65 INT 28706
21 65 INT 538373
1 66 INT 6277
8 66 INT 31009
15 66 INT 33588
22 66 INT 598866
1 67 INT 24596
8 67 INT 10353
15 67 INT 13383
22 67 INT 26240
1 68 INT 21286
8 68 INT 9113
15 68 INT 9024
22 68 INT 607238
1 69 INT 26007
8 69 INT 26648
15 69 INT 26706
22 69 INT 424329
1 70 INT 32902
8 70 INT 25698
15 70 INT 8816
22 70 INT 30217
1 71 INT 1296
7 71 INT 4112
14 71 INT 28979
21 71 INT 479751
1 72 INT 26425
8 72 INT 38661
15 72 INT 26438
22 72 INT 139667
1 73 INT 13400
8 73 INT 20563
15 73 INT 26407
22 73 INT 222055
1 74 INT 6277
8 74 INT 25705
15 74 INT 4422
22 74 INT 219265
1 75 INT 29441
8 75 INT 14663
15 75 INT 13413
22 75 INT 207161
1 76 INT 819
7 76 INT 37126
14 76 INT 16966
21 76 INT 231736
1 77 INT 13654
8 77 INT 4183
15 77 INT 20485
22 77 INT 459062
1 78 INT 22019
8 78 INT 2368
14 78 INT 28708
21 78 INT 407848
1 79 INT 17553
8 79 INT 8342
15 79 INT 16516
22 79 INT 67904
1 80 INT 37961
8 80 INT 37449
15 80 INT 17044
22 80 INT 553042
1 81 INT 18464
8 81 INT 1385
14 81 INT 2343
20 81 INT 284275
1 82 INT 30977
8 82 INT 1393
14 82 INT 13463
21 82 INT 22280
1 83 INT 375
7 83 INT 9616
14 83 INT 16646
21 83 INT 20823
1 84 INT 9107
8 84 INT 22848
15 84 INT 14233
22 84 INT 394037
1 85 INT 5782
8 85 INT 8833
15 85 INT 37909
22 85 INT 558117
1 86 INT 29204
8 86 INT 10386
15 86 INT 28792
22 86 INT 144738
1 87 INT 14649
8 87 INT 29472
15 87 INT 30805
22 87 INT 614516
1 88 INT 34324
8 88 INT 8216
15 88 INT 34180
22 88 INT 561684
1 89 INT 30617
8 89 INT 1848
14 89 INT 13337
21 89 INT 402517
1 90 INT 34656
8 90 INT 29765
15 90 INT 21913
22 90 INT 131976
1 91 INT 12355
8 91 INT 26248
15 91 INT 37461
22 91 INT 563056
1 92 INT 22662
8 92 INT 6551
15 92 INT 24592
22 92 INT 1585
1 93 INT 5785
8 93 INT 21399
15 93 INT 33809
22 93 INT 545648
1 94 INT 21367
8 94 INT 8483
15 94 INT 36946
22 94 INT 410120
1 95 INT 18529
8 95 INT 18176
15 95 INT 33571
22 95 INT 206659
1 96 INT 32768
8 96 INT 883
14 96 INT 30054
21 96 INT 152853
1 97 INT 6290
8 97 INT 8774
15 97 INT 36963
22 97 INT 358500
1 98 INT 28980
8 98 INT 13090
15 98 INT 34871
22 98 INT 477463
1 99 INT 12804
8 99 INT 29045
15 99 INT 33427
22 99 INT 549126
1 100 INT 6021
8 100 INT 26929
15 100 INT 30088
22 100 INT 292160
1 101 INT 21909
8 101 INT 25942
15 101 INT 5765
22 101 INT 234295
1 102 INT 34183
8 102 INT 30034
15 102 INT 29481
22 102 INT 541974
1 103 INT 18199
8 103 INT 21076
15 103 INT 29543
22 103 INT 427011
1 104 INT 12657
8 104 INT 25478
15 104 INT 16965
22 104 INT 292436
1 105 INT 33313
8 105 INT 5909
15 105 INT 21617
22 105 INT 603472
1 106 INT 34593
8 106 INT 17189
15 106 INT 21043
22 106 INT 1924
1 107 INT 13713
8 107 INT 39265
15 107 INT 4484
22 107 INT 469090
1 108 INT 39300
8 108 INT 29475
15 108 INT 28725
22 108 INT 157825
1 109 INT 34377
8 109 INT 25939
15 109 INT 33138
22 109 INT 489762
1 110 INT 34596
8 110 INT 10085
15 110 INT 9366
22 110 INT 591937
1 111 INT 8580
8 111 INT 29078
15 111 INT 34627
22 111 INT 213591
1 112 INT 33651
8 112 INT 36921
15 112 INT 16515
22 112 INT 275737
1 113 INT 8325
8 113 INT 22164
15 113 INT 4422
22 113 INT 407863
1 114 INT 10502
8 114 INT 13186
15 114 INT 26454
22 114 INT 395639
1 115 INT 32825
8 115 INT 13170
15 115 INT 26945
22 115 INT 403282
1 116 INT 562
7 116 INT 13920
14 116 INT 34455
21 116 INT 352593
1 117 INT 25186
8 117 INT 17257
15 117 INT 5954
22 117 INT 70226
1 118 INT 21553
8 118 INT 34693
15 118 INT 26902
22 118 INT 292480
1 119 INT 13704
8 119 INT 25410
15 119 INT 34836
22 119 INT 263219
1 120 INT 4870
8 120 INT 22324
15 120 INT 29491
22 120 INT 432226
1 121 INT 8838
8 121 INT 10384
15 121 INT 6180
22 121 INT 557841
1 122 INT 29752
8 122 INT 38915
15 122 INT 33144
22 122 INT 484168
1 123 INT 4184
8 123 INT 12390
15 123 INT 24724
22 123 INT 406914
1 124 INT 8537
8 124 INT 26256
15 124 INT 5256
22 124 INT 18569
1 125 INT 25859
8 125 INT 38672
15 125 INT 21095
22 125 INT 606787
1 126 INT 12663
8 126 INT 25446
15 126 INT 5687
22 126 INT 267907
1 127 INT 29825
8 127 INT 840
14 127 INT 8196
21 127 INT 467079
1 128 INT 37721
8 128 INT 12544
15 128 INT 33097
22 128 INT 348818
1 129 INT 14643
8 129 INT 24593
15 129 INT 26931
22 129 INT 614488
1 130 INT 4423
8 130 INT 34886
15 130 INT 13601
22 130 INT 276563
1 131 INT 4484
8 131 INT 24951
15 131 INT 5682
22 131 INT 489097
1 132 INT 22036
8 132 INT 33843
15 132 INT 34834
22 132 INT 222245
1 133 INT 13124
8 133 INT 17683
15 133 INT 37257
22 133 INT 410966
1 134 INT 13894
8 134 INT 1350
14 134 INT 546
20 134 INT 287012
1 135 INT 2344
7 135 INT 30356
14 135 INT 34854
21 135 INT 161667
1 136 INT 5529
8 136 INT 2389
14 136 INT 26149
21 136 INT 196626
1 137 INT 1409
7 137 INT 21633
14 137 INT 5700
21 137 INT 353049
1 138 INT 1040
7 138 INT 25750
14 138 INT 18208
21 138 INT 102465
1 139 INT 18560
8 139 INT 611
14 139 INT 17026
21 139 INT 561776
1 140 INT 21315
8 140 INT 9040
15 140 INT 25985
22 140 INT 131971
1 141 INT 12595
8 141 INT 26258
15 141 INT 26902
22 141 INT 283928
1 142 INT 22930
8 142 INT 28803
15 142 INT 33313
22 142 INT 20867
1 143 INT 4422
8 143 INT 30212
15 143 INT 22584
22 143 INT 411257
1 144 INT 25426
8 144 INT 5125
15 144 INT 9856
22 144 INT 599684
1 145 INT 25730
8 145 INT 20786
15 145 INT 17154
22 145 INT 147481
1 146 INT 22581
8 146 INT 25494
15 146 INT 1044
21 146 INT 8345
1 147 INT 38470
8 147 INT 5159
15 147 INT 29240
22 147 INT 6259
1 148 INT 18706
8 148 INT 5942
15 148 INT 9527
22 148 INT 541254
1 149 INT 14704
8 149 INT 29080
15 149 INT 5191
22 149 INT 476306
1 150 INT 36880
8 150 INT 25860
15 150 INT 34937
22 150 INT 492400
1 151 INT 20486
8 151 INT 14632
15 151 INT 33385
22 151 INT 600340
1 152 INT 9554
8 152 INT 22885
15 152 INT 17237
22 152 INT 561254
1 153 INT 37703
8 153 INT 4919
15 153 INT 355
21 153 INT 563330
1 154 INT 37522
8 154 INT 24676
15 154 INT 17302
22 154 INT 328306
1 155 INT 1798
7 155 INT 16920
14 155 INT 358
20 155 INT 430209
1 156 INT 38276
8 156 INT 24979
15 156 INT 18053
22 156 INT 590180
1 157 INT 38929
8 157 INT 5672
15 157 INT 9032
22 157 INT 196665
1 158 INT 34562
8 158 INT 18050
15 158 INT 13097
22 158 INT 401812
1 159 INT 1080
7 159 INT 38454
14 159 INT 18432
21 159 INT 98595
1 160 INT 12417
8 160 INT 32871
15 160 INT 28805
22 160 INT 497512
1 161 INT 10342
8 161 INT 30809
15 161 INT 24710
22 161 INT 280967
1 162 INT 18232
8 162 INT 658
14 162 INT 14230
21 162 INT 338324
1 163 INT 21778
8 163 INT 22624
15 163 INT 25416
22 163 INT 157777
1 164 INT 13057
8 164 INT 17414
15 164 INT 38288
22 164 INT 606834
1 165 INT 35091
8 165 INT 2341
14 165 INT 17811
21 165 INT 497494
1 166 INT 33929
8 166 INT 37652
15 166 INT 30001
22 166 INT 18710
1 167 INT 20737
8 167 INT 262
14 167 INT 18307
21 167 INT 156723
1 168 INT 18258
8 168 INT 29793
15 168 INT 29812
22 168 INT 291929
1 169 INT 12439
8 169 INT 25893
15 169 INT 26886
22 169 INT 267908
1 170 INT 37524
8 170 INT 30359
15 170 INT 37765
22 170 INT 428073
1 171 INT 38165
8 171 INT 30262
15 171 INT 29817
22 171 INT 350529
1 172 INT 34071
8 172 INT 26441
15 172 INT 5680
22 172 INT 537729
1 173 INT 561
7 173 INT 8192
14 173 INT 30086
21 173 INT 25190
1 174 INT 5254
8 174 INT 1300
14 174 INT 31106
21 174 INT 462900
1 175 INT 34614
8 175 INT 392
14 175 INT 39063
21 175 INT 280977
1 176 INT 6501
8 176 INT 37205
15 176 INT 18200
22 176 INT 149333
1 177 INT 29297
8 177 INT 809
14 177 INT 37190
21 177 INT 602899
1 178 INT 37683
8 178 INT 18481
15 178 INT 25625
22 178 INT 406405
1 179 INT 30356
8 179 INT 26257
15 179 INT 1880
21 179 INT 263028
1 180 INT 883
7 180 INT 13840
14 180 INT 4357
21 180 INT 217961
1 181 INT 29457
8 181 INT 1606
14 181 INT 24600
21 181 INT 538500
1 182 INT 38691
8 182 INT 22791
15 182 INT 13938
22 182 INT 464713
1 183 INT 21556
8 183 INT 22848
15 183 INT 256
21 183 INT 595713
1 184 INT 14433
8 184 INT 22900
15 184 INT 5240
22 184 INT 602439
1 185 INT 33125
8 185 INT 39241
15 185 INT 12934
22 185 INT 365127
1 186 INT 18775
8 186 INT 5376
15 186 INT 12369
22 186 INT 603224
1 187 INT 38661
8 187 INT 16401
15 187 INT 13575
22 187 INT 616466
1 188 INT 22146
8 188 INT 6274
15 188 INT 26656
22 188 INT 536968
1 189 INT 135
6 189 INT 8548
13 189 INT 25974
20 189 INT 602723
1 190 INT 36871
8 190 INT 38705
15 190 INT 26130
22 190 INT 628053
1 191 INT 373
7 191 INT 133
12 191 INT 17497
19 191 INT 37785
1 192 INT 24946
8 192 INT 29955
15 192 INT 32882
22 192 INT 231237
1 193 INT 37234
8 193 INT 21352
15 193 INT 34179
22 193 INT 221960
1 194 INT 10004
8 194 INT 4420
15 194 INT 13104
22 194 INT 612726
1 195 INT 21396
8 195 INT 36947
15 195 INT 17987
22 195 INT 2387
1 196 INT 33923
8 196 INT 35173
15 196 INT 30088
22 196 INT 415001
1 197 INT 8465
8 197 INT 13187
15 197 INT 21648
22 197 INT 348306
1 198 INT 17161
8 198 INT 5120
15 198 INT 1316
21 198 INT 262998
1 199 INT 36931
8 199 INT 30505
15 199 INT 4369
22 199 INT 626756
1 200 INT 5481
8 200 INT 24599
15 200 INT 6449
22 200 INT 496248
